[    1080ms] [WARNING] document.domain mutation is ignored because the surrounding agent cluster is origin-keyed. @ https://console.cloud.tencent.com/tcb/env/index?rid=4:50
[    2642ms] [ERROR] Failed to load resource: net::ERR_CONNECTION_CLOSED @ https://sensors.cloud.tencent.com:8106/sa.gif?project=default&token=schemaLimited-zEb9s3Rz:0
[    8259ms] [ERROR] Failed to load resource: net::ERR_CONNECTION_CLOSED @ https://sensors.cloud.tencent.com:8106/sa.gif?project=default&token=schemaLimited-zEb9s3Rz:0
[   13394ms] [ERROR] Failed to load resource: net::ERR_CONNECTION_CLOSED @ https://cloudcache.tencentcs.com/qccomponent/_cloudcache_tencentcs_com_idc.js:0
[   15622ms] [WARNING] Deprecation warning: value provided is not in a recognized RFC2822 or ISO format. moment construction falls back to js Date(), which is not reliable across all browsers and versions. Non RFC2822/ISO date formats are discouraged and will be removed in an upcoming major release. Please refer to http://momentjs.com/guides/#/warnings/js-date/ for more info.
Arguments: 
[0] _isAMomentObject: true, _isUTC: false, _useUTC: false, _l: undefined, _i: 2022/8/8, _f: undefined, _strict: undefined, _locale: [object Object]
Error
    at c.createFromInputFallback (https://cloudcache.tencent-cloud.com/qcloud/vendors/moment/moment-2.24.0.js:4:3368)
    at Ot (https://cloudcache.tencent-cloud.com/qcloud/vendors/moment/moment-2.24.0.js:4:21539)
    at Tt (https://cloudcache.tencent-cloud.com/qcloud/vendors/moment/moment-2.24.0.js:4:22250)
    at bt (https://cloudcache.tencent-cloud.com/qcloud/vendors/moment/moment-2.24.0.js:4:22332)
    at c (https://cloudcache.tencent-cloud.com/qcloud/vendors/moment/moment-2.24.0.js:4:209)
    at Module.<anonymous> (https://cloudcache.tencent-cloud.com/qcloud/tea/app/tcb.zh.5d5ae7dc8c.js?max_age=31536000:1:6939551)
    at o (https://cloudcache.tencent-cloud.com/qcloud/tea/app/tcb.zh.5d5ae7dc8c.js?max_age=31536000:1:361)
    at https://cloudcache.tencent-cloud.com/qcloud/tea/app/tcb.zh.5d5ae7dc8c.js?max_age=31536000:1:1504
    at https://cloudcache.tencent-cloud.com/qcloud/tea/app/tcb.zh.5d5ae7dc8c.js?max_age=31536000:1:1516 @ https://cloudcache.tencent-cloud.com/qcloud/vendors/moment/moment-2.24.0.js:3
[   15939ms] [WARNING] [deprecate] API（changeNavStatus）即将下线，请勿继续使用 @ https://cloudcache.tencent-cloud.com/qcloud/app/qcconsole_web/dest/platform.b2f86b2be9.js:0
[   15939ms] [WARNING] [deprecate] API pageManager.changeNavStatus 即将下线，请勿继续使用 @ https://cloudcache.tencent-cloud.com/qcloud/app/qcconsole_web/dest/platform.b2f86b2be9.js:0
[   16092ms] [ERROR] Failed to load resource: net::ERR_CONNECTION_CLOSED @ https://main.qcloudimg.com/scripts/qccomponents/nav-product-tree.json:0
[   16445ms] [ERROR] Failed to load resource: net::ERR_CONNECTION_CLOSED @ https://qcloud-tcb-console-1258344699.ap-shanghai.service.tcloudbase.com/api/v1.0/tcb-js-sdk-version:0
[   16536ms] [ERROR] Failed to load resource: net::ERR_CONNECTION_CLOSED @ https://main.qcloudimg.com/scripts/qccomponents/nav-product-tree.json:0
[   16679ms] [ERROR] Failed to load resource: net::ERR_CONNECTION_CLOSED @ https://qcloud-tcb-console-1258344699.ap-shanghai.service.tcloudbase.com/api/v1.0/fault-notice:0
[   16680ms] [ERROR] Failed to load resource: net::ERR_CONNECTION_CLOSED @ https://qcloud-tcb-console-1258344699.ap-shanghai.service.tcloudbase.com/api/v1.0/tcb-app-template?limit=1000&sort={%22order%22:1}:0
[   16681ms] [ERROR] Failed to load resource: net::ERR_CONNECTION_CLOSED @ https://qcloud-tcb-console-1258344699.ap-shanghai.service.tcloudbase.com/api/v1.0/news:0
[   16685ms] [ERROR] uncaught at e Error: Minified Redux error #14; visit https://redux.js.org/Errors?code=14 for the full message or use the non-minified dev environment for full errors. 
    at https://cloudcache.tencent-cloud.com/qcloud/tea/app/tcb.zh.5d5ae7dc8c.js?max_age=31536000:1:1290691
    at https://cloudcache.tencent-cloud.com/qcloud/tea/app/tcb.zh.5d5ae7dc8c.js?max_age=31536000:1:1290653
    at v (https://cloudcache.tencent-cloud.com/qcloud/tea/app/tcb.zh.5d5ae7dc8c.js?max_age=31536000:1:1289729)
    at https://cloudcache.tencent-cloud.com/qcloud/tea/app/tcb.zh.5d5ae7dc8c.js?max_age=31536000:1:187594
    at dispatch (https://cloudcache.tencent-cloud.com/qcloud/tea/app/tcb.zh.5d5ae7dc8c.js?max_age=31536000:1:1291503)
    at https://cloudcache.tencent-cloud.com/qcloud/tea/app/tcb.zh.5d5ae7dc8c.js?max_age=31536000:1:199534
    at https://cloudcache.tencent-cloud.com/qcloud/tea/app/tcb.zh.5d5ae7dc8c.js?max_age=31536000:1:182969
    at i (https://cloudcache.tencent-cloud.com/qcloud/tea/app/tcb.zh.5d5ae7dc8c.js?max_age=31536000:1:2502999)
    at u (https://cloudcache.tencent-cloud.com/qcloud/tea/app/tcb.zh.5d5ae7dc8c.js?max_age=31536000:1:2503149)
    at a (https://cloudcache.tencent-cloud.com/qcloud/tea/app/tcb.zh.5d5ae7dc8c.js?max_age=31536000:1:2503048)
    at H (https://cloudcache.tencent-cloud.com/qcloud/tea/app/tcb.zh.5d5ae7dc8c.js?max_age=31536000:1:182926)
    at B (https://cloudcache.tencent-cloud.com/qcloud/tea/app/tcb.zh.5d5ae7dc8c.js?max_age=31536000:1:182113)
    at L (https://cloudcache.tencent-cloud.com/qcloud/tea/app/tcb.zh.5d5ae7dc8c.js?max_age=31536000:1:181000)
    at Object.c [as cont] (https://cloudcache.tencent-cloud.com/qcloud/tea/app/tcb.zh.5d5ae7dc8c.js?max_age=31536000:1:181804)
    at F (https://cloudcache.tencent-cloud.com/qcloud/tea/app/tcb.zh.5d5ae7dc8c.js?max_age=31536000:1:181446)
    at e.cont (https://cloudcache.tencent-cloud.com/qcloud/tea/app/tcb.zh.5d5ae7dc8c.js?max_age=31536000:1:179198)
    at L (https://cloudcache.tencent-cloud.com/qcloud/tea/app/tcb.zh.5d5ae7dc8c.js?max_age=31536000:1:180985)
    at c (https://cloudcache.tencent-cloud.com/qcloud/tea/app/tcb.zh.5d5ae7dc8c.js?max_age=31536000:1:181804) @ https://cloudcache.tencent-cloud.com/qcloud/app/qcconsole_web/insight/insight-client.ae58d4552.js:0
[   16918ms] [ERROR] Failed to load resource: net::ERR_CONNECTION_CLOSED @ https://qcloud-tcb-console-1258344699.ap-shanghai.service.tcloudbase.com/api/v1.0/tcb-js-sdk-version:0
[   17165ms] [WARNING] document.domain mutation is ignored because the surrounding agent cluster is origin-keyed. @ https://cloud.tencent.com/act/resource/opc-ads?p=https%3A%2F%2Fconsole.cloud.tencent.com%2Ftcb%2Fenv%2Findex%3Frid%3D4&dd=100048431065&pd=10001&tm=light&cs=:2
[   17197ms] [WARNING] document.domain mutation is ignored because the surrounding agent cluster is origin-keyed. @ https://slscache.tencent-cloud.cn/qcact-ssr/1azSIPRi4JLt7YjU9nP5q/_next/static/chunks/pages/resource-a477a56e92a15f6d5357.js:0
[   17199ms] [LOG] 24aebb9a199f40f698d2283e8b485e28 xxxxxx @ https://cloudcache.tencent-cloud.com/qcloud/public/opc-sdk/opcsdk.90f10788e0.js:1
[   21329ms] [ERROR] Parameter [submitPage] is not valid {Name: undefined, DomainName: https://console.cloud.tencent.com, Path: undefined, BelongProductId: 2198, Report: https://console.cloud.tencent.com/tcb/env/index} @ https://cloudcache.tencent-cloud.com/qcloud/app/qcconsole_web/insight/insight-client.ae58d4552.js:0
[   21540ms] [ERROR] Failed to load resource: net::ERR_CONNECTION_CLOSED @ https://helix.cloud.tencent.com/web-sdk.js:0
[   21828ms] [WARNING] Retrying %d (classic): %s 1 https://cloudcache.tencent-cloud.com/web-sdk.js @ https://console.cloud.tencent.com/tcb/env/index?rid=4:1023
[   23143ms] [ERROR] Failed to load resource: net::ERR_CONNECTION_CLOSED @ https://main.qcloudimg.com/qcloud/main/scripts/release/common/tag.publish.json?random=0.7679185997254361:0
[   23144ms] [ERROR] TypeError: Failed to fetch
    at https://cloudcache.tencent-cloud.com/qcloud/app/qcconsole_web/insight/insight-client.ae58d4552.js:1:56623
    at https://cloudcache.tencent-cloud.com/qcloud/app/qcconsole_web/insight/insight-client.ae58d4552.js:1:24944
    at new Promise (<anonymous>)
    at new e (https://cloudcache.tencent-cloud.com/qcloud/app/qcconsole_web/insight/insight-client.ae58d4552.js:1:24917)
    at https://cloudcache.tencent-cloud.com/qcloud/app/qcconsole_web/insight/insight-client.ae58d4552.js:1:56597
    at window.fetch.window.fetch (https://cloudcache.tencent-cloud.com/qcloud/tea/app/tcb.zh.5d5ae7dc8c.js?max_age=31536000:1:3897325)
    at window.fetch (https://cloudcache.tencent-cloud.com/qcloud/tea/sdk/ban.zh.b82594aab1.js?max_age=31536000:1:2266994)
    at https://cloudcache.tencent-cloud.com/qcloud/tea/sdk/ai-assistant.zh.1e42f61afa.js?max_age=31536000:1:3306652
    at https://cloudcache.tencent-cloud.com/qcloud/tea/sdk/ai-assistant.zh.1e42f61afa.js?max_age=31536000:1:3305838
    at Object.next (https://cloudcache.tencent-cloud.com/qcloud/tea/sdk/ai-assistant.zh.1e42f61afa.js?max_age=31536000:1:3305943)
    at https://cloudcache.tencent-cloud.com/qcloud/tea/sdk/ai-assistant.zh.1e42f61afa.js?max_age=31536000:1:3304785
    at https://cloudcache.tencent-cloud.com/qcloud/app/qcconsole_web/insight/insight-client.ae58d4552.js:1:24944
    at new Promise (<anonymous>)
    at new e (https://cloudcache.tencent-cloud.com/qcloud/app/qcconsole_web/insight/insight-client.ae58d4552.js:1:24917)
    at pg (https://cloudcache.tencent-cloud.com/qcloud/tea/sdk/ai-assistant.zh.1e42f61afa.js?max_age=31536000:1:3304522)
    at hg (https://cloudcache.tencent-cloud.com/qcloud/tea/sdk/ai-assistant.zh.1e42f61afa.js?max_age=31536000:1:3306546)
    at Object.<anonymous> (https://cloudcache.tencent-cloud.com/qcloud/tea/sdk/ai-assistant.zh.1e42f61afa.js?max_age=31536000:1:3306210)
    at https://cloudcache.tencent-cloud.com/qcloud/tea/sdk/ai-assistant.zh.1e42f61afa.js?max_age=31536000:1:3305838
    at Object.next (https://cloudcache.tencent-cloud.com/qcloud/tea/sdk/ai-assistant.zh.1e42f61afa.js?max_age=31536000:1:3305943)
    at https://cloudcache.tencent-cloud.com/qcloud/tea/sdk/ai-assistant.zh.1e42f61afa.js?max_age=31536000:1:3304785
    at https://cloudcache.tencent-cloud.com/qcloud/app/qcconsole_web/insight/insight-client.ae58d4552.js:1:24944
    at new Promise (<anonymous>)
    at new e (https://cloudcache.tencent-cloud.com/qcloud/app/qcconsole_web/insight/insight-client.ae58d4552.js:1:24917)
    at pg (https://cloudcache.tencent-cloud.com/qcloud/tea/sdk/ai-assistant.zh.1e42f61afa.js?max_age=31536000:1:3304522)
    at Object.load (https://cloudcache.tencent-cloud.com/qcloud/tea/sdk/ai-assistant.zh.1e42f61afa.js?max_age=31536000:1:3306081)
    at Object.init (https://cloudcache.tencent-cloud.com/qcloud/tea/sdk/ai-assistant.zh.1e42f61afa.js?max_age=31536000:1:6174173)
    at https://cloudcache.tencent-cloud.com/qcloud/tea/sdk/menus.zh.c961e00b62.js?max_age=31536000:1:4511390
    at https://cloudcache.tencent-cloud.com/qcloud/tea/sdk/menus.zh.c961e00b62.js?max_age=31536000:1:4510984
    at Object.next (https://cloudcache.tencent-cloud.com/qcloud/tea/sdk/menus.zh.c961e00b62.js?max_age=31536000:1:4511089)
    at a (https://cloudcache.tencent-cloud.com/qcloud/tea/sdk/menus.zh.c961e00b62.js?max_age=31536000:1:4509796) @ https://cloudcache.tencent-cloud.com/qcloud/app/qcconsole_web/insight/insight-client.ae58d4552.js:0
[   23573ms] [ERROR] Failed to load resource: the server responded with a status of 404 () @ https://cloudcache.tencent-cloud.com/web-sdk.js:0
[   23589ms] [ERROR] Failed to load resource: net::ERR_CONNECTION_CLOSED @ https://sensors.cloud.tencent.com:8106/sa.gif?project=default&token=schemaLimited-zEb9s3Rz:0
[   24442ms] [ERROR] Failed to load resource: net::ERR_CONNECTION_CLOSED @ https://cloudcache.tencentcs.com/web-sdk.js:0
[   24983ms] [ERROR] Failed to load resource: the server responded with a status of 404 () @ https://cloudcache.tencent-cloud.cn/web-sdk.js:0
[   25516ms] [ERROR] Failed to load resource: the server responded with a status of 404 () @ https://cloudcache.tencentcs.cn/web-sdk.js:0
[   25517ms] [WARNING] Retrying %d (classic): %s 2 https://cloudcache.tencent-cloud.com/web-sdk.js @ https://console.cloud.tencent.com/tcb/env/index?rid=4:1006
[   26108ms] [ERROR] Failed to load resource: net::ERR_CONNECTION_CLOSED @ https://sensors.cloud.tencent.com:8106/sa.gif?project=default&token=schemaLimited-zEb9s3Rz:0
[   26455ms] [ERROR] Failed to load resource: net::ERR_CONNECTION_CLOSED @ https://cloudcache.tencentcs.com/web-sdk.js:0
[   26455ms] [WARNING] Retrying %d (classic): %s 3 https://cloudcache.tencentcs.com/web-sdk.js @ https://console.cloud.tencent.com/tcb/env/index?rid=4:1006
[   26470ms] [ERROR] Failed to load resource: net::ERR_CONNECTION_CLOSED @ https://ping.cloud.tencent.com/trafficCollect.php?uin=100048431065&ul=https%3A%2F%2Fconsole.cloud.tencent.com%2Ftcb%2Fenv&referer=&fromSource=qcloud.directEnter.login&visitId=9ef819f9c814ce53d099ec8282d2cc8d&landingpage=&language=zh&lastLoginType=&_ga=&pageTitle=%E8%85%BE%E8%AE%AF%E4%BA%91%20-%20%E6%8E%A7%E5%88%B6%E5%8F%B0&type=OfficialNetworkTraffic&expKey=browse&expValue=https%3A%2F%2Fconsole.cloud.tencent.com%2Ftcb%2Fenv%2Findex%3Frid%3D4&url=https%3A%2F%2Fconsole.cloud.tencent.com%2Ftcb%2Fenv&t=1777207216930:0
[   26991ms] [ERROR] Failed to load resource: the server responded with a status of 404 () @ https://cloudcache.tencent-cloud.cn/web-sdk.js:0
[   26992ms] [WARNING] Retrying %d (classic): %s 4 https://cloudcache.tencent-cloud.com/web-sdk.js @ https://console.cloud.tencent.com/tcb/env/index?rid=4:1023
[   27516ms] [WARNING] Retrying %d (classic): %s 5 https://cloudcache.tencent-cloud.com/web-sdk.js @ https://console.cloud.tencent.com/tcb/env/index?rid=4:1023
[   28035ms] [ERROR] Failed to load resource: the server responded with a status of 404 () @ https://cloudcache.tencent-cloud.com/web-sdk.js:0
[   28036ms] [WARNING] Retrying %d (xhr): %s 6 https://cloudcache.tencent-cloud.com/web-sdk.js @ https://console.cloud.tencent.com/tcb/env/index?rid=4:1039
[   29054ms] [ERROR] Failed to load resource: the server responded with a status of 404 () @ https://cloudcache.tencent-cloud.com/web-sdk.js?r=0.9269985679446106:0
[  176536ms] [WARNING] [deprecate] API（changeNavStatus）即将下线，请勿继续使用 @ https://cloudcache.tencent-cloud.com/qcloud/app/qcconsole_web/dest/platform.b2f86b2be9.js:0
[  176764ms] [ERROR] Failed to load resource: net::ERR_CONNECTION_CLOSED @ https://sensors.cloud.tencent.com:8106/sa.gif?project=default&token=schemaLimited-zEb9s3Rz:0
[  176827ms] [ERROR] Failed to load resource: the server responded with a status of 403 (Forbidden) @ https://aegis.qq.com/collect/pv?from=https%3A%2F%2Fconsole.cloud.tencent.com%2Ftcb%2Fenv%2Foverview%3FenvId%3Dportfolio-site-v1-d1duqacaea7e51%26rid%3D4%26channel%3Dqc_console&id=e7yqDClgJYrxm0wj2r&uin=100048431065&version=1.35.26&aid=4a4a2636-acbd-40c8-96cb-670145fd891e&env=production&platform=3&netType=4&vp=1036%20*%20906&sr=1707%20*%201067&sessionId=session-1777207216690&referer=:0
[  177191ms] [ERROR] Failed to load resource: the server responded with a status of 403 (Forbidden) @ https://aegis.qq.com/speed/performance?dnsLookup=0&tcp=0&ssl=0&ttfb=627&contentDownload=12300&domParse=12319&resourceDownload=1070&firstScreenTiming=15951&id=e7yqDClgJYrxm0wj2r&uin=100048431065&version=1.35.26&aid=true&env=production:0
[  177315ms] [ERROR] Failed to load resource: net::ERR_CONNECTION_CLOSED @ https://sensors.cloud.tencent.com:8106/sa.gif?project=default&token=schemaLimited-zEb9s3Rz:0
[  177349ms] [ERROR] Failed to load resource: net::ERR_CONNECTION_CLOSED @ https://sensors.cloud.tencent.com:8106/sa.gif?project=default&token=schemaLimited-zEb9s3Rz:0
[  177349ms] [ERROR] Failed to load resource: net::ERR_CONNECTION_CLOSED @ https://sensors.cloud.tencent.com:8106/sa.gif?project=default&token=schemaLimited-zEb9s3Rz:0
[  177543ms] [ERROR] Failed to load resource: the server responded with a status of 403 (Forbidden) @ https://aegis.qq.com/collect/whitelist?id=e7yqDClgJYrxm0wj2r&uin=100048431065&version=1.35.26&aid=4a4a2636-acbd-40c8-96cb-670145fd891e&env=production&platform=3&netType=4&vp=1036%20*%20906&sr=1707%20*%201067&sessionId=session-1777207216690&from=https%3A%2F%2Fconsole.cloud.tencent.com%2Ftcb%2Fenv%2Foverview%3FenvId%3Dportfolio-site-v1-d1duqacaea7e51%26rid%3D4%26channel%3Dqc_console&referer=:0
[  177728ms] [WARNING] document.domain mutation is ignored because the surrounding agent cluster is origin-keyed. @ https://cloud.tencent.com/act/resource/opc-ads?p=https%3A%2F%2Fconsole.cloud.tencent.com%2Ftcb%2Fenv%2Foverview%3FenvId%3Dportfolio-site-v1-d1duqacaea7e51%26rid%3D4&dd=100048431065&pd=10001&tm=light&cs=:2
[  177754ms] [WARNING] document.domain mutation is ignored because the surrounding agent cluster is origin-keyed. @ https://slscache.tencent-cloud.cn/qcact-ssr/1azSIPRi4JLt7YjU9nP5q/_next/static/chunks/pages/resource-a477a56e92a15f6d5357.js:0
[  177756ms] [LOG] b63bab8b369b45aab5967d77ab7e6b63 xxxxxx @ https://cloudcache.tencent-cloud.com/qcloud/public/opc-sdk/opcsdk.90f10788e0.js:1
[  177896ms] [ERROR] Failed to load resource: the server responded with a status of 403 (Forbidden) @ https://aegis.qq.com/collect/pv?id=e7yqDClgJYrxm0wj2r&uin=100048431065&version=1.35.26&aid=4a4a2636-acbd-40c8-96cb-670145fd891e&env=production&platform=3&netType=4&vp=1036%20*%20906&sr=1707%20*%201067&sessionId=session-1777207216690&from=https%3A%2F%2Fconsole.cloud.tencent.com%2Ftcb%2Fenv%2Foverview%3FenvId%3Dportfolio-site-v1-d1duqacaea7e51%26rid%3D4%26channel%3Dqc_console&referer=:0
[  177896ms] [WARNING] __version__ has discard, please use version @ https://cloudcache.tencent-cloud.com/qcloud/tea/app/tcb.zh.5d5ae7dc8c.js?max_age=31536000:0
[  177896ms] [WARNING] LogType has discard, please use logType @ https://cloudcache.tencent-cloud.com/qcloud/tea/app/tcb.zh.5d5ae7dc8c.js?max_age=31536000:0
[  181137ms] [ERROR] Failed to load resource: net::ERR_CONNECTION_CLOSED @ https://sensors.cloud.tencent.com:8106/sa.gif?project=default&token=schemaLimited-zEb9s3Rz:0
[  181433ms] [ERROR] Failed to load resource: net::ERR_CONNECTION_CLOSED @ https://sensors.cloud.tencent.com:8106/sa.gif?project=default&token=schemaLimited-zEb9s3Rz:0
[  181596ms] [ERROR] Failed to load resource: the server responded with a status of 403 (Forbidden) @ https://aegis.qq.com/speed?id=e7yqDClgJYrxm0wj2r&uin=100048431065&version=1.35.26&aid=4a4a2636-acbd-40c8-96cb-670145fd891e&env=production&platform=3&netType=4&vp=1036%20*%20906&sr=1707%20*%201067&sessionId=session-1777207216690&from=https%3A%2F%2Fconsole.cloud.tencent.com%2Ftcb%2Fenv%2Findex%3Frid%3D4&referer=:0
[  181661ms] [WARNING] [deprecate] API（changeNavStatus）即将下线，请勿继续使用 @ https://cloudcache.tencent-cloud.com/qcloud/app/qcconsole_web/dest/platform.b2f86b2be9.js:0
[  181661ms] [WARNING] [deprecate] API pageManager.changeNavStatus 即将下线，请勿继续使用 @ https://cloudcache.tencent-cloud.com/qcloud/app/qcconsole_web/dest/platform.b2f86b2be9.js:0
[  181671ms] [WARNING] [deprecate] API（changeNavStatus）即将下线，请勿继续使用 @ https://cloudcache.tencent-cloud.com/qcloud/app/qcconsole_web/dest/platform.b2f86b2be9.js:0
[  181671ms] [WARNING] [deprecate] API pageManager.changeNavStatus 即将下线，请勿继续使用 @ https://cloudcache.tencent-cloud.com/qcloud/app/qcconsole_web/dest/platform.b2f86b2be9.js:0
[  184429ms] [ERROR] Failed to load resource: the server responded with a status of 403 (Forbidden) @ https://aegis.qq.com/speed?id=e7yqDClgJYrxm0wj2r&uin=100048431065&version=1.35.26&aid=4a4a2636-acbd-40c8-96cb-670145fd891e&env=production&platform=3&netType=3&vp=1036%20*%20906&sr=1707%20*%201067&sessionId=session-1777207216690&from=https%3A%2F%2Fconsole.cloud.tencent.com%2Ftcb%2Fenv%2Findex%3Frid%3D4&referer=:0
[  186909ms] [ERROR] Failed to load resource: net::ERR_CONNECTION_CLOSED @ https://ping.cloud.tencent.com/trafficCollect.php?uin=100048431065&ul=https%3A%2F%2Fconsole.cloud.tencent.com%2Ftcb%2Fenv&referer=&fromSource=qcloud.directEnter.login&visitId=9ef819f9c814ce53d099ec8282d2cc8d&landingpage=&language=zh&lastLoginType=&_ga=&pageTitle=%E8%85%BE%E8%AE%AF%E4%BA%91%20-%20%E6%8E%A7%E5%88%B6%E5%8F%B0&type=OfficialNetworkTraffic&expKey=browse&expValue=https%3A%2F%2Fconsole.cloud.tencent.com%2Ftcb%2Fenv%2Foverview%3FenvId%3Dportfolio-site-v1-d1duqacaea7e51%26rid%3D4%26channel%3Dqc_console&url=https%3A%2F%2Fconsole.cloud.tencent.com%2Ftcb%2Fenv&t=1777207377509:0
[  198732ms] [WARNING] [deprecate] API（changeNavStatus）即将下线，请勿继续使用 @ https://cloudcache.tencent-cloud.com/qcloud/app/qcconsole_web/dest/platform.b2f86b2be9.js:0
[  199036ms] [ERROR] Failed to load resource: the server responded with a status of 403 (Forbidden) @ https://aegis.qq.com/collect/pv?from=https%3A%2F%2Fconsole.cloud.tencent.com%2Ftcb%2Fhosting&id=e7yqDClgJYrxm0wj2r&uin=100048431065&version=1.35.26&aid=4a4a2636-acbd-40c8-96cb-670145fd891e&env=production&platform=3&netType=3&vp=1036%20*%20906&sr=1707%20*%201067&sessionId=session-1777207216690&referer=:0
[  199070ms] [ERROR] Failed to load resource: the server responded with a status of 403 (Forbidden) @ https://aegis.qq.com/speed/performance?dnsLookup=0&tcp=0&ssl=0&ttfb=627&contentDownload=12300&domParse=12319&resourceDownload=1070&firstScreenTiming=15951&id=e7yqDClgJYrxm0wj2r&uin=100048431065&version=1.35.26&aid=true&env=production:0
[  199286ms] [ERROR] Failed to load resource: net::ERR_CONNECTION_CLOSED @ https://sensors.cloud.tencent.com:8106/sa.gif?project=default&token=schemaLimited-zEb9s3Rz:0
[  199286ms] [ERROR] Failed to load resource: net::ERR_CONNECTION_CLOSED @ https://sensors.cloud.tencent.com:8106/sa.gif?project=default&token=schemaLimited-zEb9s3Rz:0
[  199388ms] [ERROR] Failed to load resource: the server responded with a status of 403 (Forbidden) @ https://aegis.qq.com/collect/pv?from=https%3A%2F%2Fconsole.cloud.tencent.com%2Ftcb%2Fhosting%2Findex%3Frid%3D4&id=e7yqDClgJYrxm0wj2r&uin=100048431065&version=1.35.26&aid=4a4a2636-acbd-40c8-96cb-670145fd891e&env=production&platform=3&netType=3&vp=1036%20*%20906&sr=1707%20*%201067&sessionId=session-1777207216690&referer=:0
[  199402ms] [WARNING] handler has already binded @ https://cloudcache.tencent-cloud.com/qcloud/tea/sdk/official-feedback.zh.e14271b515.js?max_age=31536000:0
[  199474ms] [ERROR] Failed to load resource: net::ERR_CONNECTION_CLOSED @ https://sensors.cloud.tencent.com:8106/sa.gif?project=default&token=schemaLimited-zEb9s3Rz:0
[  199742ms] [ERROR] Failed to load resource: the server responded with a status of 403 (Forbidden) @ https://aegis.qq.com/collect/pv?from=https%3A%2F%2Fconsole.cloud.tencent.com%2Ftcb%2Fhosting%2Findex%3Frid%3D4&id=e7yqDClgJYrxm0wj2r&uin=100048431065&version=1.35.26&aid=4a4a2636-acbd-40c8-96cb-670145fd891e&env=production&platform=3&netType=3&vp=1036%20*%20906&sr=1707%20*%201067&sessionId=session-1777207216690&referer=:0
[  199753ms] [WARNING] document.domain mutation is ignored because the surrounding agent cluster is origin-keyed. @ https://cloud.tencent.com/act/resource/opc-ads?p=https%3A%2F%2Fconsole.cloud.tencent.com%2Ftcb%2Fhosting%2Findex%3Frid%3D4&dd=100048431065&pd=10001&tm=light&cs=WjUzV8V6sFJav4ua:2
[  199759ms] [WARNING] document.domain mutation is ignored because the surrounding agent cluster is origin-keyed. @ https://slscache.tencent-cloud.cn/qcact-ssr/1azSIPRi4JLt7YjU9nP5q/_next/static/chunks/pages/resource-a477a56e92a15f6d5357.js:0
[  199760ms] [LOG] 0da38d612f704ae6999ad5996063a02f xxxxxx @ https://cloudcache.tencent-cloud.com/qcloud/public/opc-sdk/opcsdk.90f10788e0.js:1
[  200100ms] [ERROR] Failed to load resource: the server responded with a status of 403 (Forbidden) @ https://aegis.qq.com/collect/whitelist?id=e7yqDClgJYrxm0wj2r&uin=100048431065&version=1.35.26&aid=4a4a2636-acbd-40c8-96cb-670145fd891e&env=production&platform=3&netType=3&vp=1036%20*%20906&sr=1707%20*%201067&sessionId=session-1777207216690&from=https%3A%2F%2Fconsole.cloud.tencent.com%2Ftcb%2Fhosting&referer=:0
[  200256ms] [ERROR] Failed to load resource: net::ERR_CONNECTION_CLOSED @ https://sensors.cloud.tencent.com:8106/sa.gif?project=default&token=schemaLimited-zEb9s3Rz:0
[  200948ms] [ERROR] Failed to load resource: the server responded with a status of 403 (Forbidden) @ https://aegis.qq.com/collect/pv?id=e7yqDClgJYrxm0wj2r&uin=100048431065&version=1.35.26&aid=4a4a2636-acbd-40c8-96cb-670145fd891e&env=production&platform=3&netType=3&vp=1036%20*%20906&sr=1707%20*%201067&sessionId=session-1777207216690&from=https%3A%2F%2Fconsole.cloud.tencent.com%2Ftcb%2Fhosting&referer=:0
[  200949ms] [WARNING] __version__ has discard, please use version @ https://cloudcache.tencent-cloud.com/qcloud/tea/app/tcb.zh.5d5ae7dc8c.js?max_age=31536000:0
[  200949ms] [WARNING] LogType has discard, please use logType @ https://cloudcache.tencent-cloud.com/qcloud/tea/app/tcb.zh.5d5ae7dc8c.js?max_age=31536000:0
[  200949ms] [ERROR] Failed to load resource: net::ERR_CONNECTION_CLOSED @ https://sensors.cloud.tencent.com:8106/sa.gif?project=default&token=schemaLimited-zEb9s3Rz:0
[  203136ms] [ERROR] Failed to load resource: net::ERR_CONNECTION_CLOSED @ https://sensors.cloud.tencent.com:8106/sa.gif?project=default&token=schemaLimited-zEb9s3Rz:0
[  203462ms] [ERROR] Failed to load resource: net::ERR_CONNECTION_CLOSED @ https://sensors.cloud.tencent.com:8106/sa.gif?project=default&token=schemaLimited-zEb9s3Rz:0
[  204517ms] [WARNING] [deprecate] API（changeNavStatus）即将下线，请勿继续使用 @ https://cloudcache.tencent-cloud.com/qcloud/app/qcconsole_web/dest/platform.b2f86b2be9.js:0
[  204571ms] [WARNING] [deprecate] API（changeNavStatus）即将下线，请勿继续使用 @ https://cloudcache.tencent-cloud.com/qcloud/app/qcconsole_web/dest/platform.b2f86b2be9.js:0
[  204585ms] [WARNING] handler has already binded @ https://cloudcache.tencent-cloud.com/qcloud/tea/sdk/official-feedback.zh.e14271b515.js?max_age=31536000:0
[  204585ms] [WARNING] handler has already binded @ https://cloudcache.tencent-cloud.com/qcloud/tea/sdk/official-feedback.zh.e14271b515.js?max_age=31536000:0
[  204890ms] [ERROR] Error caught by redux-saga-catch:  TypeError: Cannot read properties of null (reading 'filter')
    at https://cloudcache.tencent-cloud.com/qcloud/tea/app/tcb.zh.5d5ae7dc8c.js?max_age=31536000:1:10039731
    at h (https://dscache.tencent-cloud.com/sdk/dianshi-sdk/loader/umd/dianshi-sdk-loader.v0.0.18.js:8:681)
    at Generator.<anonymous> (https://dscache.tencent-cloud.com/sdk/dianshi-sdk/loader/umd/dianshi-sdk-loader.v0.0.18.js:8:2023)
    at Generator.next (https://dscache.tencent-cloud.com/sdk/dianshi-sdk/loader/umd/dianshi-sdk-loader.v0.0.18.js:8:1110)
    at Xqe (https://cloudcache.tencent-cloud.com/qcloud/tea/app/tcb.zh.5d5ae7dc8c.js?max_age=31536000:1:10036445)
    at a (https://cloudcache.tencent-cloud.com/qcloud/tea/app/tcb.zh.5d5ae7dc8c.js?max_age=31536000:1:10039924) @ https://cloudcache.tencent-cloud.com/qcloud/app/qcconsole_web/insight/insight-client.ae58d4552.js:0
[  204890ms] [ERROR] Failed to load resource: net::ERR_CONNECTION_CLOSED @ https://qcloud-tcb-console-1258344699.ap-shanghai.service.tcloudbase.com/api/v1.0/tutorialGuide:0
[  205387ms] [WARNING] [deprecate] API（changeNavStatus）即将下线，请勿继续使用 @ https://cloudcache.tencent-cloud.com/qcloud/app/qcconsole_web/dest/platform.b2f86b2be9.js:0
[  205443ms] [WARNING] [deprecate] API（changeNavStatus）即将下线，请勿继续使用 @ https://cloudcache.tencent-cloud.com/qcloud/app/qcconsole_web/dest/platform.b2f86b2be9.js:0
[  205536ms] [ERROR] Failed to load resource: the server responded with a status of 403 (Forbidden) @ https://aegis.qq.com/collect?id=e7yqDClgJYrxm0wj2r&uin=100048431065&version=1.35.26&aid=4a4a2636-acbd-40c8-96cb-670145fd891e&env=production&platform=3&netType=3&vp=1036%20*%20906&sr=1707%20*%201067&sessionId=session-1777207216690&from=https%3A%2F%2Fconsole.cloud.tencent.com%2Ftcb%2Fenv%2Findex%3Frid%3D4&referer=:0
[  205537ms] [WARNING] __version__ has discard, please use version @ https://cloudcache.tencent-cloud.com/qcloud/tea/app/tcb.zh.5d5ae7dc8c.js?max_age=31536000:0
[  205537ms] [WARNING] LogType has discard, please use logType @ https://cloudcache.tencent-cloud.com/qcloud/tea/app/tcb.zh.5d5ae7dc8c.js?max_age=31536000:0
[  206142ms] [WARNING] handler has already binded @ https://cloudcache.tencent-cloud.com/qcloud/tea/sdk/official-feedback.zh.e14271b515.js?max_age=31536000:0
[  206153ms] [ERROR] Failed to load resource: net::ERR_CONNECTION_CLOSED @ https://tcb-api.cloud.tencent.com/qcloud-tcb/v1/getCosTempCredentials?regionId=4:0
[  206156ms] Error: Network Error
    at e.exports (https://cloudcache.tencent-cloud.com/qcloud/tea/app/tcb.zh.5d5ae7dc8c.js?max_age=31536000:1:3482187)
    at p.onerror (https://cloudcache.tencent-cloud.com/qcloud/tea/app/tcb.zh.5d5ae7dc8c.js?max_age=31536000:1:3481150)
    at XMLHttpRequest.t (https://cloudcache.tencent-cloud.com/qcloud/app/qcconsole_web/insight/insight-client.ae58d4552.js:1:13690)
[  207059ms] [ERROR] Failed to load resource: net::ERR_CONNECTION_CLOSED @ https://sensors.cloud.tencent.com:8106/sa.gif?project=default&token=schemaLimited-zEb9s3Rz:0
[  207266ms] [ERROR] Failed to load resource: net::ERR_CONNECTION_CLOSED @ https://tcb-api.cloud.tencent.com/qcloud-tcb/v1/getCosTempCredentials?regionId=4:0
[  207267ms] Error: Network Error
    at e.exports (https://cloudcache.tencent-cloud.com/qcloud/tea/app/tcb.zh.5d5ae7dc8c.js?max_age=31536000:1:3482187)
    at p.onerror (https://cloudcache.tencent-cloud.com/qcloud/tea/app/tcb.zh.5d5ae7dc8c.js?max_age=31536000:1:3481150)
    at XMLHttpRequest.t (https://cloudcache.tencent-cloud.com/qcloud/app/qcconsole_web/insight/insight-client.ae58d4552.js:1:13690)
[  207361ms] [ERROR] Failed to load resource: net::ERR_CONNECTION_CLOSED @ https://sensors.cloud.tencent.com:8106/sa.gif?project=default&token=schemaLimited-zEb9s3Rz:0
[  207364ms] [ERROR] Failed to load resource: net::ERR_CONNECTION_CLOSED @ https://sensors.cloud.tencent.com:8106/sa.gif?project=default&token=schemaLimited-zEb9s3Rz:0
[  208171ms] [ERROR] Failed to load resource: net::ERR_CONNECTION_CLOSED @ https://sensors.cloud.tencent.com:8106/sa.gif?project=default&token=schemaLimited-zEb9s3Rz:0
[  209271ms] [ERROR] Failed to load resource: net::ERR_CONNECTION_CLOSED @ https://ping.cloud.tencent.com/trafficCollect.php?uin=100048431065&ul=https%3A%2F%2Fconsole.cloud.tencent.com%2Ftcb%2Fhosting&referer=&fromSource=qcloud.directEnter.login&visitId=9ef819f9c814ce53d099ec8282d2cc8d&landingpage=&language=zh&lastLoginType=&_ga=&pageTitle=%E7%8E%AF%E5%A2%83%E6%80%BB%E8%A7%88%20-%20%E7%8E%AF%E5%A2%83%20-%20%E4%BA%91%E5%BC%80%E5%8F%91%20CloudBase%20-%20%E6%8E%A7%E5%88%B6%E5%8F%B0&type=OfficialNetworkTraffic&expKey=browse&expValue=https%3A%2F%2Fconsole.cloud.tencent.com%2Ftcb%2Fhosting&url=https%3A%2F%2Fconsole.cloud.tencent.com%2Ftcb%2Fhosting&t=1777207399719:0
[  210986ms] [ERROR] Failed to load resource: net::ERR_CONNECTION_CLOSED @ https://sensors.cloud.tencent.com:8106/sa.gif?project=default&token=schemaLimited-zEb9s3Rz:0
[  215609ms] [WARNING] [deprecate] API（changeNavStatus）即将下线，请勿继续使用 @ https://cloudcache.tencent-cloud.com/qcloud/app/qcconsole_web/dest/platform.b2f86b2be9.js:0
[  215877ms] [ERROR] Failed to load resource: net::ERR_CONNECTION_CLOSED @ https://sensors.cloud.tencent.com:8106/sa.gif?project=default&token=schemaLimited-zEb9s3Rz:0
[  215947ms] [ERROR] Failed to load resource: the server responded with a status of 403 (Forbidden) @ https://aegis.qq.com/speed/performance?dnsLookup=0&tcp=0&ssl=0&ttfb=627&contentDownload=12300&domParse=12319&resourceDownload=1070&firstScreenTiming=15951&id=e7yqDClgJYrxm0wj2r&uin=100048431065&version=1.35.26&aid=true&env=production:0
[  216184ms] [ERROR] Failed to load resource: net::ERR_CONNECTION_CLOSED @ https://sensors.cloud.tencent.com:8106/sa.gif?project=default&token=schemaLimited-zEb9s3Rz:0
[  216185ms] [ERROR] Failed to load resource: net::ERR_CONNECTION_CLOSED @ https://sensors.cloud.tencent.com:8106/sa.gif?project=default&token=schemaLimited-zEb9s3Rz:0
[  216309ms] [WARNING] [deprecate] API（changeNavStatus）即将下线，请勿继续使用 @ https://cloudcache.tencent-cloud.com/qcloud/app/qcconsole_web/dest/platform.b2f86b2be9.js:0
[  216330ms] [WARNING] [deprecate] API（changeNavStatus）即将下线，请勿继续使用 @ https://cloudcache.tencent-cloud.com/qcloud/app/qcconsole_web/dest/platform.b2f86b2be9.js:0
[  216331ms] [WARNING] [deprecate] API pageManager.changeNavStatus 即将下线，请勿继续使用 @ https://cloudcache.tencent-cloud.com/qcloud/app/qcconsole_web/dest/platform.b2f86b2be9.js:0
[  216335ms] [WARNING] [deprecate] API（changeNavStatus）即将下线，请勿继续使用 @ https://cloudcache.tencent-cloud.com/qcloud/app/qcconsole_web/dest/platform.b2f86b2be9.js:0
[  216335ms] [WARNING] [deprecate] API pageManager.changeNavStatus 即将下线，请勿继续使用 @ https://cloudcache.tencent-cloud.com/qcloud/app/qcconsole_web/dest/platform.b2f86b2be9.js:0
[  216381ms] [ERROR] Failed to load resource: the server responded with a status of 403 (Forbidden) @ https://aegis.qq.com/collect/whitelist?id=e7yqDClgJYrxm0wj2r&uin=100048431065&version=1.35.26&aid=4a4a2636-acbd-40c8-96cb-670145fd891e&env=production&platform=3&netType=3&vp=1036%20*%20906&sr=1707%20*%201067&sessionId=session-1777207216690&from=https%3A%2F%2Fconsole.cloud.tencent.com%2Ftcb%2Fhosting&referer=:0
[  216651ms] [ERROR] Failed to load resource: the server responded with a status of 403 (Forbidden) @ https://aegis.qq.com/speed/performance?dnsLookup=0&tcp=0&ssl=0&ttfb=627&contentDownload=12300&domParse=12319&resourceDownload=1070&firstScreenTiming=15951&id=e7yqDClgJYrxm0wj2r&uin=100048431065&version=1.35.26&aid=true&env=production:0
[  216736ms] [ERROR] Failed to load resource: the server responded with a status of 403 (Forbidden) @ https://aegis.qq.com/collect/pv?id=e7yqDClgJYrxm0wj2r&uin=100048431065&version=1.35.26&aid=4a4a2636-acbd-40c8-96cb-670145fd891e&env=production&platform=3&netType=3&vp=1036%20*%20906&sr=1707%20*%201067&sessionId=session-1777207216690&from=https%3A%2F%2Fconsole.cloud.tencent.com%2Ftcb%2Fhosting&referer=:0
[  216736ms] [WARNING] __version__ has discard, please use version @ https://cloudcache.tencent-cloud.com/qcloud/tea/app/tcb.zh.5d5ae7dc8c.js?max_age=31536000:0
[  216736ms] [WARNING] LogType has discard, please use logType @ https://cloudcache.tencent-cloud.com/qcloud/tea/app/tcb.zh.5d5ae7dc8c.js?max_age=31536000:0
[  217005ms] [ERROR] Failed to load resource: the server responded with a status of 403 (Forbidden) @ https://aegis.qq.com/collect/whitelist?id=e7yqDClgJYrxm0wj2r&uin=100048431065&version=1.35.26&aid=4a4a2636-acbd-40c8-96cb-670145fd891e&env=production&platform=3&netType=3&vp=1036%20*%20906&sr=1707%20*%201067&sessionId=session-1777207216690&from=https%3A%2F%2Fconsole.cloud.tencent.com%2Ftcb%2Fenv%2Faudit&referer=:0
[  217166ms] [WARNING] handler has already binded @ https://cloudcache.tencent-cloud.com/qcloud/tea/sdk/official-feedback.zh.e14271b515.js?max_age=31536000:0
[  217418ms] [WARNING] [deprecate] API（changeNavStatus）即将下线，请勿继续使用 @ https://cloudcache.tencent-cloud.com/qcloud/app/qcconsole_web/dest/platform.b2f86b2be9.js:0
[  217418ms] [WARNING] [deprecate] API pageManager.changeNavStatus 即将下线，请勿继续使用 @ https://cloudcache.tencent-cloud.com/qcloud/app/qcconsole_web/dest/platform.b2f86b2be9.js:0
[  217469ms] [ERROR] Failed to load resource: the server responded with a status of 403 (Forbidden) @ https://aegis.qq.com/collect/pv?id=e7yqDClgJYrxm0wj2r&uin=100048431065&version=1.35.26&aid=4a4a2636-acbd-40c8-96cb-670145fd891e&env=production&platform=3&netType=3&vp=1036%20*%20906&sr=1707%20*%201067&sessionId=session-1777207216690&from=https%3A%2F%2Fconsole.cloud.tencent.com%2Ftcb%2Fenv%2Faudit&referer=:0
[  217469ms] [WARNING] __version__ has discard, please use version @ https://cloudcache.tencent-cloud.com/qcloud/tea/app/tcb.zh.5d5ae7dc8c.js?max_age=31536000:0
[  217469ms] [WARNING] LogType has discard, please use logType @ https://cloudcache.tencent-cloud.com/qcloud/tea/app/tcb.zh.5d5ae7dc8c.js?max_age=31536000:0
[  217503ms] [WARNING] [deprecate] API（changeNavStatus）即将下线，请勿继续使用 @ https://cloudcache.tencent-cloud.com/qcloud/app/qcconsole_web/dest/platform.b2f86b2be9.js:0
[  217741ms] [ERROR] Failed to load resource: net::ERR_CONNECTION_CLOSED @ https://sensors.cloud.tencent.com:8106/sa.gif?project=default&token=schemaLimited-zEb9s3Rz:0
[  217845ms] [ERROR] Failed to load resource: the server responded with a status of 403 (Forbidden) @ https://aegis.qq.com/speed/performance?dnsLookup=0&tcp=0&ssl=0&ttfb=627&contentDownload=12300&domParse=12319&resourceDownload=1070&firstScreenTiming=15951&id=e7yqDClgJYrxm0wj2r&uin=100048431065&version=1.35.26&aid=true&env=production:0
[  218191ms] [WARNING] handler has already binded @ https://cloudcache.tencent-cloud.com/qcloud/tea/sdk/official-feedback.zh.e14271b515.js?max_age=31536000:0
[  218216ms] [ERROR] Failed to load resource: the server responded with a status of 403 (Forbidden) @ https://aegis.qq.com/collect/whitelist?id=e7yqDClgJYrxm0wj2r&uin=100048431065&version=1.35.26&aid=4a4a2636-acbd-40c8-96cb-670145fd891e&env=production&platform=3&netType=3&vp=1036%20*%20906&sr=1707%20*%201067&sessionId=session-1777207216690&from=https%3A%2F%2Fconsole.cloud.tencent.com%2Ftcb%2Fenv%2Faudit%3FtabId%3Drules&referer=:0
[  218560ms] [ERROR] Failed to load resource: net::ERR_CONNECTION_CLOSED @ https://sensors.cloud.tencent.com:8106/sa.gif?project=default&token=schemaLimited-zEb9s3Rz:0
[  218866ms] [ERROR] Failed to load resource: the server responded with a status of 403 (Forbidden) @ https://aegis.qq.com/collect/pv?id=e7yqDClgJYrxm0wj2r&uin=100048431065&version=1.35.26&aid=4a4a2636-acbd-40c8-96cb-670145fd891e&env=production&platform=3&netType=3&vp=1036%20*%20906&sr=1707%20*%201067&sessionId=session-1777207216690&from=https%3A%2F%2Fconsole.cloud.tencent.com%2Ftcb%2Fenv%2Faudit%3FtabId%3Drules&referer=:0
[  218866ms] [WARNING] __version__ has discard, please use version @ https://cloudcache.tencent-cloud.com/qcloud/tea/app/tcb.zh.5d5ae7dc8c.js?max_age=31536000:0
[  218866ms] [WARNING] LogType has discard, please use logType @ https://cloudcache.tencent-cloud.com/qcloud/tea/app/tcb.zh.5d5ae7dc8c.js?max_age=31536000:0
[  219250ms] [ERROR] Failed to load resource: net::ERR_CONNECTION_CLOSED @ https://sensors.cloud.tencent.com:8106/sa.gif?project=default&token=schemaLimited-zEb9s3Rz:0
[  219278ms] [WARNING] document.domain mutation is ignored because the surrounding agent cluster is origin-keyed. @ https://cloud.tencent.com/act/resource/opc-ads?p=https%3A%2F%2Fconsole.cloud.tencent.com%2Ftcb%2Fhosting%2Findex%3Frid%3D4%26tabId%3Drules&dd=100048431065&pd=10001&tm=light&cs=WjUzV8V6sFJav4ua%2CpLYbghYEzQdVU8Do:2
[  219297ms] [WARNING] document.domain mutation is ignored because the surrounding agent cluster is origin-keyed. @ https://slscache.tencent-cloud.cn/qcact-ssr/1azSIPRi4JLt7YjU9nP5q/_next/static/chunks/pages/resource-a477a56e92a15f6d5357.js:0
[  219299ms] [LOG] 52f4300a377344dea3aa01f2d1240756 xxxxxx @ https://cloudcache.tencent-cloud.com/qcloud/public/opc-sdk/opcsdk.90f10788e0.js:1
[  219569ms] [ERROR] Failed to load resource: net::ERR_CONNECTION_CLOSED @ https://sensors.cloud.tencent.com:8106/sa.gif?project=default&token=schemaLimited-zEb9s3Rz:0
[  219927ms] [ERROR] Failed to load resource: net::ERR_CONNECTION_CLOSED @ https://sensors.cloud.tencent.com:8106/sa.gif?project=default&token=schemaLimited-zEb9s3Rz:0
[  219949ms] [ERROR] Failed to load resource: net::ERR_CONNECTION_CLOSED @ https://sensors.cloud.tencent.com:8106/sa.gif?project=default&token=schemaLimited-zEb9s3Rz:0
[  219950ms] [ERROR] Failed to load resource: net::ERR_CONNECTION_CLOSED @ https://sensors.cloud.tencent.com:8106/sa.gif?project=default&token=schemaLimited-zEb9s3Rz:0
[  219950ms] [ERROR] Failed to load resource: net::ERR_CONNECTION_CLOSED @ https://sensors.cloud.tencent.com:8106/sa.gif?project=default&token=schemaLimited-zEb9s3Rz:0
[  220240ms] [ERROR] Failed to load resource: net::ERR_CONNECTION_CLOSED @ https://sensors.cloud.tencent.com:8106/sa.gif?project=default&token=schemaLimited-zEb9s3Rz:0
[  220240ms] [ERROR] Failed to load resource: net::ERR_CONNECTION_CLOSED @ https://sensors.cloud.tencent.com:8106/sa.gif?project=default&token=schemaLimited-zEb9s3Rz:0
[  220295ms] [ERROR] Failed to load resource: net::ERR_CONNECTION_CLOSED @ https://sensors.cloud.tencent.com:8106/sa.gif?project=default&token=schemaLimited-zEb9s3Rz:0
[  221000ms] [ERROR] Failed to load resource: net::ERR_CONNECTION_CLOSED @ https://sensors.cloud.tencent.com:8106/sa.gif?project=default&token=schemaLimited-zEb9s3Rz:0
[  221106ms] [ERROR] Failed to load resource: net::ERR_CONNECTION_CLOSED @ https://sensors.cloud.tencent.com:8106/sa.gif?project=default&token=schemaLimited-zEb9s3Rz:0
[  222530ms] [ERROR] Error caught by redux-saga-catch:  TypeError: Cannot read properties of null (reading 'filter')
    at https://cloudcache.tencent-cloud.com/qcloud/tea/app/tcb.zh.5d5ae7dc8c.js?max_age=31536000:1:10039731
    at h (https://dscache.tencent-cloud.com/sdk/dianshi-sdk/loader/umd/dianshi-sdk-loader.v0.0.18.js:8:681)
    at Generator.<anonymous> (https://dscache.tencent-cloud.com/sdk/dianshi-sdk/loader/umd/dianshi-sdk-loader.v0.0.18.js:8:2023)
    at Generator.next (https://dscache.tencent-cloud.com/sdk/dianshi-sdk/loader/umd/dianshi-sdk-loader.v0.0.18.js:8:1110)
    at Xqe (https://cloudcache.tencent-cloud.com/qcloud/tea/app/tcb.zh.5d5ae7dc8c.js?max_age=31536000:1:10036445)
    at a (https://cloudcache.tencent-cloud.com/qcloud/tea/app/tcb.zh.5d5ae7dc8c.js?max_age=31536000:1:10039924) @ https://cloudcache.tencent-cloud.com/qcloud/app/qcconsole_web/insight/insight-client.ae58d4552.js:0
[  222627ms] [WARNING] [deprecate] API（changeNavStatus）即将下线，请勿继续使用 @ https://cloudcache.tencent-cloud.com/qcloud/app/qcconsole_web/dest/platform.b2f86b2be9.js:0
[  222681ms] [WARNING] [deprecate] API（changeNavStatus）即将下线，请勿继续使用 @ https://cloudcache.tencent-cloud.com/qcloud/app/qcconsole_web/dest/platform.b2f86b2be9.js:0
[  222694ms] [WARNING] handler has already binded @ https://cloudcache.tencent-cloud.com/qcloud/tea/sdk/official-feedback.zh.e14271b515.js?max_age=31536000:0
[  222695ms] [WARNING] handler has already binded @ https://cloudcache.tencent-cloud.com/qcloud/tea/sdk/official-feedback.zh.e14271b515.js?max_age=31536000:0
[  222698ms] [ERROR] Failed to load resource: net::ERR_CONNECTION_CLOSED @ https://sensors.cloud.tencent.com:8106/sa.gif?project=default&token=schemaLimited-zEb9s3Rz:0
[  222986ms] [ERROR] Failed to load resource: net::ERR_CONNECTION_CLOSED @ https://sensors.cloud.tencent.com:8106/sa.gif?project=default&token=schemaLimited-zEb9s3Rz:0
[  223773ms] [ERROR] Failed to load resource: net::ERR_CONNECTION_CLOSED @ https://tcb-api.cloud.tencent.com/qcloud-tcb/v1/getCosTempCredentials?regionId=4:0
[  223774ms] Error: Network Error
    at e.exports (https://cloudcache.tencent-cloud.com/qcloud/tea/app/tcb.zh.5d5ae7dc8c.js?max_age=31536000:1:3482187)
    at p.onerror (https://cloudcache.tencent-cloud.com/qcloud/tea/app/tcb.zh.5d5ae7dc8c.js?max_age=31536000:1:3481150)
    at XMLHttpRequest.t (https://cloudcache.tencent-cloud.com/qcloud/app/qcconsole_web/insight/insight-client.ae58d4552.js:1:13690)
[  224369ms] [ERROR] Failed to load resource: net::ERR_CONNECTION_CLOSED @ https://sensors.cloud.tencent.com:8106/sa.gif?project=default&token=schemaLimited-zEb9s3Rz:0
[  224961ms] [ERROR] Failed to load resource: net::ERR_CONNECTION_CLOSED @ https://sensors.cloud.tencent.com:8106/sa.gif?project=default&token=schemaLimited-zEb9s3Rz:0
[  225372ms] [ERROR] Failed to load resource: net::ERR_CONNECTION_CLOSED @ https://sensors.cloud.tencent.com:8106/sa.gif?project=default&token=schemaLimited-zEb9s3Rz:0
[  225976ms] [ERROR] Failed to load resource: net::ERR_CONNECTION_CLOSED @ https://ping.cloud.tencent.com/trafficCollect.php?uin=100048431065&ul=https%3A%2F%2Fconsole.cloud.tencent.com%2Ftcb%2Fhosting&referer=&fromSource=qcloud.directEnter.login&visitId=9ef819f9c814ce53d099ec8282d2cc8d&landingpage=&language=zh&lastLoginType=&_ga=&pageTitle=%E9%9D%99%E6%80%81%E7%BD%91%E7%AB%99%E6%89%98%E7%AE%A1%20-%20%E4%BA%91%E5%BC%80%E5%8F%91%20CloudBase%20-%20%E6%8E%A7%E5%88%B6%E5%8F%B0&type=OfficialNetworkTraffic&expKey=browse&expValue=https%3A%2F%2Fconsole.cloud.tencent.com%2Ftcb%2Fhosting&url=https%3A%2F%2Fconsole.cloud.tencent.com%2Ftcb%2Fhosting&t=1777207416602:0
[  226885ms] [ERROR] Failed to load resource: net::ERR_CONNECTION_CLOSED @ https://ping.cloud.tencent.com/trafficCollect.php?uin=100048431065&ul=https%3A%2F%2Fconsole.cloud.tencent.com%2Ftcb%2Fenv&referer=&fromSource=qcloud.directEnter.login&visitId=9ef819f9c814ce53d099ec8282d2cc8d&landingpage=&language=zh&lastLoginType=&_ga=&pageTitle=%E9%9D%99%E6%80%81%E7%BD%91%E7%AB%99%E6%89%98%E7%AE%A1%20-%20%E4%BA%91%E5%BC%80%E5%8F%91%20CloudBase%20-%20%E6%8E%A7%E5%88%B6%E5%8F%B0&type=OfficialNetworkTraffic&expKey=browse&expValue=https%3A%2F%2Fconsole.cloud.tencent.com%2Ftcb%2Fenv%2Faudit&url=https%3A%2F%2Fconsole.cloud.tencent.com%2Ftcb%2Fenv&t=1777207417311:0
[  228089ms] [ERROR] Failed to load resource: net::ERR_CONNECTION_CLOSED @ https://ping.cloud.tencent.com/trafficCollect.php?uin=100048431065&ul=https%3A%2F%2Fconsole.cloud.tencent.com%2Ftcb%2Fhosting&referer=&fromSource=qcloud.directEnter.login&visitId=9ef819f9c814ce53d099ec8282d2cc8d&landingpage=&language=zh&lastLoginType=&_ga=&pageTitle=%E5%86%85%E5%AE%B9%E5%AE%A1%E6%A0%B8%20-%20%E4%BA%91%E5%BC%80%E5%8F%91%20CloudBase%20-%20%E6%8E%A7%E5%88%B6%E5%8F%B0&type=OfficialNetworkTraffic&expKey=browse&expValue=https%3A%2F%2Fconsole.cloud.tencent.com%2Ftcb%2Fenv%2Faudit%3FtabId%3Drules&url=https%3A%2F%2Fconsole.cloud.tencent.com%2Ftcb%2Fhosting&t=1777207418504:0
[  229653ms] [ERROR] Failed to load resource: net::ERR_CONNECTION_CLOSED @ https://sensors.cloud.tencent.com:8106/sa.gif?project=default&token=schemaLimited-zEb9s3Rz:0
