[     707ms] [ERROR] Failed to load resource: net::ERR_CONNECTION_CLOSED @ https://sensors.cloud.tencent.com:8106/sa.gif?project=default&token=schemaLimited-zEb9s3Rz:0
[    1015ms] [WARNING] document.domain mutation is ignored because the surrounding agent cluster is origin-keyed. @ https://console.cloud.tencent.com/tcb/env/overview?envId=portfolio-site-v1-d1duqacaea7e51:50
[    2873ms] [ERROR] Failed to load resource: net::ERR_CONNECTION_CLOSED @ https://sensors.cloud.tencent.com:8106/sa.gif?project=default&token=schemaLimited-zEb9s3Rz:0
[    8064ms] [ERROR] Failed to load resource: net::ERR_CONNECTION_CLOSED @ https://sensors.cloud.tencent.com:8106/sa.gif?project=default&token=schemaLimited-zEb9s3Rz:0
[   14191ms] [ERROR] Failed to load resource: net::ERR_CONNECTION_CLOSED @ https://cloudcache.tencentcs.com/qccomponent/_cloudcache_tencentcs_com_idc.js:0
[   14456ms] [WARNING] Deprecation warning: value provided is not in a recognized RFC2822 or ISO format. moment construction falls back to js Date(), which is not reliable across all browsers and versions. Non RFC2822/ISO date formats are discouraged and will be removed in an upcoming major release. Please refer to http://momentjs.com/guides/#/warnings/js-date/ for more info.
Arguments: 
[0] _isAMomentObject: true, _isUTC: false, _useUTC: false, _l: undefined, _i: 2022/8/8, _f: undefined, _strict: undefined, _locale: [object Object]
Error
    at c.createFromInputFallback (https://cloudcache.tencent-cloud.com/qcloud/vendors/moment/moment-2.24.0.js:4:3368)
    at Ot (https://cloudcache.tencent-cloud.com/qcloud/vendors/moment/moment-2.24.0.js:4:21539)
    at Tt (https://cloudcache.tencent-cloud.com/qcloud/vendors/moment/moment-2.24.0.js:4:22250)
    at bt (https://cloudcache.tencent-cloud.com/qcloud/vendors/moment/moment-2.24.0.js:4:22332)
    at c (https://cloudcache.tencent-cloud.com/qcloud/vendors/moment/moment-2.24.0.js:4:209)
    at Module.<anonymous> (https://cloudcache.tencent-cloud.com/qcloud/tea/app/tcb.zh.5d5ae7dc8c.js?max_age=31536000:1:6939551)
    at o (https://cloudcache.tencent-cloud.com/qcloud/tea/app/tcb.zh.5d5ae7dc8c.js?max_age=31536000:1:361)
    at https://cloudcache.tencent-cloud.com/qcloud/tea/app/tcb.zh.5d5ae7dc8c.js?max_age=31536000:1:1504
    at https://cloudcache.tencent-cloud.com/qcloud/tea/app/tcb.zh.5d5ae7dc8c.js?max_age=31536000:1:1516 @ https://cloudcache.tencent-cloud.com/qcloud/vendors/moment/moment-2.24.0.js:3
[   15019ms] [WARNING] [deprecate] API（changeNavStatus）即将下线，请勿继续使用 @ https://cloudcache.tencent-cloud.com/qcloud/app/qcconsole_web/dest/platform.b2f86b2be9.js:0
[   15020ms] [WARNING] [deprecate] API pageManager.changeNavStatus 即将下线，请勿继续使用 @ https://cloudcache.tencent-cloud.com/qcloud/app/qcconsole_web/dest/platform.b2f86b2be9.js:0
[   15050ms] [ERROR] Failed to load resource: net::ERR_CONNECTION_CLOSED @ https://qcloud-tcb-console-1258344699.ap-shanghai.service.tcloudbase.com/api/v1.0/tcb-js-sdk-version:0
[   15415ms] [ERROR] Failed to load resource: the server responded with a status of 403 (Forbidden) @ https://aegis.qq.com/collect/whitelist?id=e7yqDClgJYrxm0wj2r&uin=100048431065&version=1.35.26&aid=4a4a2636-acbd-40c8-96cb-670145fd891e&env=production&platform=3&netType=3&vp=1036%20*%20906&sr=1707%20*%201067&sessionId=session-1777207452857&from=https%3A%2F%2Fconsole.cloud.tencent.com%2Ftcb%2Fenv%2Foverview%3FenvId%3Dportfolio-site-v1-d1duqacaea7e51&referer=:0
[   15502ms] [ERROR] Failed to load resource: net::ERR_CONNECTION_CLOSED @ https://qcloud-tcb-console-1258344699.ap-shanghai.service.tcloudbase.com/api/v1.0/tcb-js-sdk-version:0
[   15770ms] [ERROR] Failed to load resource: the server responded with a status of 403 (Forbidden) @ https://aegis.qq.com/collect/pv?id=e7yqDClgJYrxm0wj2r&uin=100048431065&version=1.35.26&aid=4a4a2636-acbd-40c8-96cb-670145fd891e&env=production&platform=3&netType=3&vp=1036%20*%20906&sr=1707%20*%201067&sessionId=session-1777207452857&from=https%3A%2F%2Fconsole.cloud.tencent.com%2Ftcb%2Fenv%2Foverview%3FenvId%3Dportfolio-site-v1-d1duqacaea7e51&referer=:0
[   15770ms] [WARNING] __version__ has discard, please use version @ https://cloudcache.tencent-cloud.com/qcloud/tea/app/tcb.zh.5d5ae7dc8c.js?max_age=31536000:0
[   15770ms] [WARNING] LogType has discard, please use logType @ https://cloudcache.tencent-cloud.com/qcloud/tea/app/tcb.zh.5d5ae7dc8c.js?max_age=31536000:0
[   16787ms] [ERROR] Failed to load resource: net::ERR_CONNECTION_CLOSED @ https://main.qcloudimg.com/scripts/qccomponents/nav-product-tree.json:0
[   17916ms] [ERROR] Failed to load resource: net::ERR_CONNECTION_CLOSED @ https://main.qcloudimg.com/scripts/qccomponents/nav-product-tree.json:0
[   20723ms] [ERROR] Failed to load resource: net::ERR_CONNECTION_CLOSED @ https://helix.cloud.tencent.com/web-sdk.js:0
[   20724ms] [WARNING] Retrying %d (classic): %s 1 https://cloudcache.tencent-cloud.com/web-sdk.js @ https://console.cloud.tencent.com/tcb/env/overview?envId=portfolio-site-v1-d1duqacaea7e51:1023
[   20724ms] [ERROR] Failed to load resource: net::ERR_CONNECTION_CLOSED @ https://sensors.cloud.tencent.com:8106/sa.gif?project=default&token=schemaLimited-zEb9s3Rz:0
[   20852ms] [ERROR] Failed to load resource: net::ERR_CONNECTION_CLOSED @ https://sensors.cloud.tencent.com:8106/sa.gif?project=default&token=schemaLimited-zEb9s3Rz:0
[   21634ms] [ERROR] Failed to load resource: net::ERR_CONNECTION_CLOSED @ https://main.qcloudimg.com/qcloud/main/scripts/release/common/tag.publish.json?random=0.7430332956324306:0
[   21634ms] [ERROR] TypeError: Failed to fetch
    at https://cloudcache.tencent-cloud.com/qcloud/app/qcconsole_web/insight/insight-client.ae58d4552.js:1:56623
    at https://cloudcache.tencent-cloud.com/qcloud/app/qcconsole_web/insight/insight-client.ae58d4552.js:1:24944
    at new Promise (<anonymous>)
    at new e (https://cloudcache.tencent-cloud.com/qcloud/app/qcconsole_web/insight/insight-client.ae58d4552.js:1:24917)
    at https://cloudcache.tencent-cloud.com/qcloud/app/qcconsole_web/insight/insight-client.ae58d4552.js:1:56597
    at window.fetch.window.fetch (https://cloudcache.tencent-cloud.com/qcloud/tea/app/tcb.zh.5d5ae7dc8c.js?max_age=31536000:1:3897325)
    at window.fetch (https://cloudcache.tencent-cloud.com/qcloud/tea/sdk/ban.zh.b82594aab1.js?max_age=31536000:1:2266994)
    at https://cloudcache.tencent-cloud.com/qcloud/tea/sdk/ai-assistant.zh.1e42f61afa.js?max_age=31536000:1:3306652
    at https://cloudcache.tencent-cloud.com/qcloud/tea/sdk/ai-assistant.zh.1e42f61afa.js?max_age=31536000:1:3305838
    at Object.next (https://cloudcache.tencent-cloud.com/qcloud/tea/sdk/ai-assistant.zh.1e42f61afa.js?max_age=31536000:1:3305943)
    at https://cloudcache.tencent-cloud.com/qcloud/tea/sdk/ai-assistant.zh.1e42f61afa.js?max_age=31536000:1:3304785
    at https://cloudcache.tencent-cloud.com/qcloud/app/qcconsole_web/insight/insight-client.ae58d4552.js:1:24944
    at new Promise (<anonymous>)
    at new e (https://cloudcache.tencent-cloud.com/qcloud/app/qcconsole_web/insight/insight-client.ae58d4552.js:1:24917)
    at pg (https://cloudcache.tencent-cloud.com/qcloud/tea/sdk/ai-assistant.zh.1e42f61afa.js?max_age=31536000:1:3304522)
    at hg (https://cloudcache.tencent-cloud.com/qcloud/tea/sdk/ai-assistant.zh.1e42f61afa.js?max_age=31536000:1:3306546)
    at Object.<anonymous> (https://cloudcache.tencent-cloud.com/qcloud/tea/sdk/ai-assistant.zh.1e42f61afa.js?max_age=31536000:1:3306210)
    at https://cloudcache.tencent-cloud.com/qcloud/tea/sdk/ai-assistant.zh.1e42f61afa.js?max_age=31536000:1:3305838
    at Object.next (https://cloudcache.tencent-cloud.com/qcloud/tea/sdk/ai-assistant.zh.1e42f61afa.js?max_age=31536000:1:3305943)
    at https://cloudcache.tencent-cloud.com/qcloud/tea/sdk/ai-assistant.zh.1e42f61afa.js?max_age=31536000:1:3304785
    at https://cloudcache.tencent-cloud.com/qcloud/app/qcconsole_web/insight/insight-client.ae58d4552.js:1:24944
    at new Promise (<anonymous>)
    at new e (https://cloudcache.tencent-cloud.com/qcloud/app/qcconsole_web/insight/insight-client.ae58d4552.js:1:24917)
    at pg (https://cloudcache.tencent-cloud.com/qcloud/tea/sdk/ai-assistant.zh.1e42f61afa.js?max_age=31536000:1:3304522)
    at Object.load (https://cloudcache.tencent-cloud.com/qcloud/tea/sdk/ai-assistant.zh.1e42f61afa.js?max_age=31536000:1:3306081)
    at Object.init (https://cloudcache.tencent-cloud.com/qcloud/tea/sdk/ai-assistant.zh.1e42f61afa.js?max_age=31536000:1:6174173)
    at https://cloudcache.tencent-cloud.com/qcloud/tea/sdk/menus.zh.c961e00b62.js?max_age=31536000:1:4511390
    at https://cloudcache.tencent-cloud.com/qcloud/tea/sdk/menus.zh.c961e00b62.js?max_age=31536000:1:4510984
    at Object.next (https://cloudcache.tencent-cloud.com/qcloud/tea/sdk/menus.zh.c961e00b62.js?max_age=31536000:1:4511089)
    at a (https://cloudcache.tencent-cloud.com/qcloud/tea/sdk/menus.zh.c961e00b62.js?max_age=31536000:1:4509796) @ https://cloudcache.tencent-cloud.com/qcloud/app/qcconsole_web/insight/insight-client.ae58d4552.js:0
[   29679ms] [WARNING] [deprecate] API（changeNavStatus）即将下线，请勿继续使用 @ https://cloudcache.tencent-cloud.com/qcloud/app/qcconsole_web/dest/platform.b2f86b2be9.js:0
[   29679ms] [WARNING] [deprecate] API pageManager.changeNavStatus 即将下线，请勿继续使用 @ https://cloudcache.tencent-cloud.com/qcloud/app/qcconsole_web/dest/platform.b2f86b2be9.js:0
[   29687ms] [WARNING] [deprecate] API（changeNavStatus）即将下线，请勿继续使用 @ https://cloudcache.tencent-cloud.com/qcloud/app/qcconsole_web/dest/platform.b2f86b2be9.js:0
[   29687ms] [WARNING] [deprecate] API pageManager.changeNavStatus 即将下线，请勿继续使用 @ https://cloudcache.tencent-cloud.com/qcloud/app/qcconsole_web/dest/platform.b2f86b2be9.js:0
[   34071ms] [ERROR] Failed to load resource: the server responded with a status of 404 () @ https://cloudcache.tencent-cloud.com/web-sdk.js:0
[   34237ms] [ERROR] Failed to load resource: net::ERR_CONNECTION_CLOSED @ https://sensors.cloud.tencent.com:8106/sa.gif?project=default&token=schemaLimited-zEb9s3Rz:0
[   34998ms] [ERROR] Failed to load resource: net::ERR_CONNECTION_CLOSED @ https://cloudcache.tencentcs.com/web-sdk.js:0
[   35000ms] [ERROR] Failed to load resource: net::ERR_CONNECTION_CLOSED @ https://ping.cloud.tencent.com/trafficCollect.php?uin=100048431065&ul=https%3A%2F%2Fconsole.cloud.tencent.com%2Ftcb%2Fenv&referer=&fromSource=qcloud.directEnter.login&visitId=9ef819f9c814ce53d099ec8282d2cc8d&landingpage=&language=zh&lastLoginType=&_ga=&pageTitle=%E8%85%BE%E8%AE%AF%E4%BA%91%20-%20%E6%8E%A7%E5%88%B6%E5%8F%B0&type=OfficialNetworkTraffic&expKey=browse&expValue=https%3A%2F%2Fconsole.cloud.tencent.com%2Ftcb%2Fenv%2Foverview%3FenvId%3Dportfolio-site-v1-d1duqacaea7e51&url=https%3A%2F%2Fconsole.cloud.tencent.com%2Ftcb%2Fenv&t=1777207453305:0
[   36054ms] [ERROR] Failed to load resource: the server responded with a status of 404 () @ https://cloudcache.tencent-cloud.cn/web-sdk.js:0
[   36431ms] [ERROR] Failed to load resource: the server responded with a status of 404 () @ https://cloudcache.tencentcs.cn/web-sdk.js:0
[   36431ms] [WARNING] Retrying %d (classic): %s 2 https://cloudcache.tencent-cloud.com/web-sdk.js @ https://console.cloud.tencent.com/tcb/env/overview?envId=portfolio-site-v1-d1duqacaea7e51:1006
[   37543ms] [ERROR] Failed to load resource: net::ERR_CONNECTION_CLOSED @ https://cloudcache.tencentcs.com/web-sdk.js:0
[   37543ms] [WARNING] Retrying %d (classic): %s 3 https://cloudcache.tencentcs.com/web-sdk.js @ https://console.cloud.tencent.com/tcb/env/overview?envId=portfolio-site-v1-d1duqacaea7e51:1006
[   38079ms] [ERROR] Failed to load resource: the server responded with a status of 404 () @ https://cloudcache.tencent-cloud.cn/web-sdk.js:0
[   38080ms] [WARNING] Retrying %d (classic): %s 4 https://cloudcache.tencent-cloud.com/web-sdk.js @ https://console.cloud.tencent.com/tcb/env/overview?envId=portfolio-site-v1-d1duqacaea7e51:1023
[   38624ms] [WARNING] Retrying %d (classic): %s 5 https://cloudcache.tencent-cloud.com/web-sdk.js @ https://console.cloud.tencent.com/tcb/env/overview?envId=portfolio-site-v1-d1duqacaea7e51:1023
[   39155ms] [ERROR] Failed to load resource: the server responded with a status of 404 () @ https://cloudcache.tencent-cloud.com/web-sdk.js:0
[   39155ms] [WARNING] Retrying %d (xhr): %s 6 https://cloudcache.tencent-cloud.com/web-sdk.js @ https://console.cloud.tencent.com/tcb/env/overview?envId=portfolio-site-v1-d1duqacaea7e51:1039
[   40174ms] [ERROR] Failed to load resource: the server responded with a status of 404 () @ https://cloudcache.tencent-cloud.com/web-sdk.js?r=0.5883344733612942:0
[   58512ms] [ERROR] Failed to load resource: net::ERR_CONNECTION_CLOSED @ https://sensors.cloud.tencent.com:8106/sa.gif?project=default&token=schemaLimited-zEb9s3Rz:0
[   63258ms] [WARNING] The page did not request an origin-keyed agent cluster, but was put in one anyway because the origin 'https://tcb.cloud.tencent.com' had previously been placed in an origin-keyed agent cluster. Update your headers to uniformly request origin-keying for all pages on the origin. @ https://tcb.cloud.tencent.com/dev?envId=portfolio-site-v1-d1duqacaea7e51#/env/package-usage/basic:0
[   63461ms] [WARNING] A parser-blocking, cross site (i.e. different eTLD+1) script, https://tam.cdn-go.cn/aegis-sdk/latest/aegis.min.js, is invoked via document.write. The network request for this script MAY be blocked by the browser in this or a future page load due to poor network connectivity. If blocked in this page load, it will be confirmed in a subsequent console message. See https://www.chromestatus.com/feature/5718547946799104 for more details. @ https://tcb.cloud.tencent.com/dev?envId=portfolio-site-v1-d1duqacaea7e51:0
[   63461ms] [WARNING] A parser-blocking, cross site (i.e. different eTLD+1) script, https://tam.cdn-go.cn/aegis-sdk/latest/aegis.min.js, is invoked via document.write. The network request for this script MAY be blocked by the browser in this or a future page load due to poor network connectivity. If blocked in this page load, it will be confirmed in a subsequent console message. See https://www.chromestatus.com/feature/5718547946799104 for more details. @ https://tcb.cloud.tencent.com/dev?envId=portfolio-site-v1-d1duqacaea7e51:0
[   68696ms] Failed to set the 'domain' property on 'Document': Assignment is forbidden for sandboxed iframes.
[   68733ms] [ERROR] SecurityError: Failed to set the 'domain' property on 'Document': Assignment is forbidden for sandboxed iframes.
    at Ju (https://slscache.tencent-cloud.cn/qcact-ssr/1azSIPRi4JLt7YjU9nP5q/_next/static/chunks/framework-26c7ef1740bba62bfbe1.js:1:94669)
    at ys (https://slscache.tencent-cloud.cn/qcact-ssr/1azSIPRi4JLt7YjU9nP5q/_next/static/chunks/framework-26c7ef1740bba62bfbe1.js:1:115021)
    at https://slscache.tencent-cloud.cn/qcact-ssr/1azSIPRi4JLt7YjU9nP5q/_next/static/chunks/framework-26c7ef1740bba62bfbe1.js:1:111605
    at S (https://slscache.tencent-cloud.cn/qcact-ssr/1azSIPRi4JLt7YjU9nP5q/_next/static/chunks/framework-26c7ef1740bba62bfbe1.js:1:132397)
    at MessagePort.T (https://slscache.tencent-cloud.cn/qcact-ssr/1azSIPRi4JLt7YjU9nP5q/_next/static/chunks/framework-26c7ef1740bba62bfbe1.js:1:132931) @ https://slscache.tencent-cloud.cn/qcact-ssr/1azSIPRi4JLt7YjU9nP5q/_next/static/chunks/framework-26c7ef1740bba62bfbe1.js:0
[   68734ms] [ERROR] SecurityError: Failed to set the 'domain' property on 'Document': Assignment is forbidden for sandboxed iframes.
    at Ju (https://slscache.tencent-cloud.cn/qcact-ssr/1azSIPRi4JLt7YjU9nP5q/_next/static/chunks/framework-26c7ef1740bba62bfbe1.js:1:94669)
    at ys (https://slscache.tencent-cloud.cn/qcact-ssr/1azSIPRi4JLt7YjU9nP5q/_next/static/chunks/framework-26c7ef1740bba62bfbe1.js:1:115021)
    at https://slscache.tencent-cloud.cn/qcact-ssr/1azSIPRi4JLt7YjU9nP5q/_next/static/chunks/framework-26c7ef1740bba62bfbe1.js:1:111605
    at S (https://slscache.tencent-cloud.cn/qcact-ssr/1azSIPRi4JLt7YjU9nP5q/_next/static/chunks/framework-26c7ef1740bba62bfbe1.js:1:132397)
    at MessagePort.T (https://slscache.tencent-cloud.cn/qcact-ssr/1azSIPRi4JLt7YjU9nP5q/_next/static/chunks/framework-26c7ef1740bba62bfbe1.js:1:132931) @ https://slscache.tencent-cloud.cn/qcact-ssr/1azSIPRi4JLt7YjU9nP5q/_next/static/chunks/main-1f414af3347d8995ac17.js:0
[   68734ms] [ERROR] A client-side exception has occurred, see here for more info: https://nextjs.org/docs/messages/client-side-exception-occurred @ https://slscache.tencent-cloud.cn/qcact-ssr/1azSIPRi4JLt7YjU9nP5q/_next/static/chunks/main-1f414af3347d8995ac17.js:0
[   77059ms] [ERROR] Failed to load resource: net::ERR_CONNECTION_CLOSED @ https://rumt-zh.com/speed/performance?dnsLookup=2&tcp=31&ssl=17&ttfb=1250&contentDownload=0&domParse=6&resourceDownload=0&firstScreenTiming=4076&from=https%3A%2F%2Ftcb.cloud.tencent.com%2Fdev%3FenvId%3Dportfolio-site-v1-d1duqacaea7e51%23%2Fenv%2Fpackage-usage%2Fbasic&sampled=1&id=0GVQESz2JVkP10XQ7X&uin=100048431065&version=1.18.1&aid=a95a81b8-471c-45ee-8817-74e2f7d750bb&env=production&platform=3&netType=4&vp=1036%20*%20906&sr=1707%20*%201067&sessionId=32ca85da8e0441e6ad3d593b2c376dd6&referer=https%3A%2F%2Fconsole.cloud.tencent.com%2F&:0
[   78227ms] [ERROR] Failed to load resource: net::ERR_CONNECTION_CLOSED @ https://ping.cloud.tencent.com/trafficCollect.php?uin=100048431065&ul=https%3A%2F%2Fconsole.cloud.tencent.com%2Ftcb%2Fplatform&referer=https%3A%2F%2Ftcb.cloud.tencent.com%2F&fromSource=qcloud.directEnter.login&visitId=9ef819f9c814ce53d099ec8282d2cc8d&landingpage=&language=zh&lastLoginType=&_ga=&pageTitle=%E8%85%BE%E8%AE%AF%E4%BA%91%20-%20%E6%8E%A7%E5%88%B6%E5%8F%B0&type=OfficialNetworkTraffic&expKey=browse&expValue=https%3A%2F%2Fconsole.cloud.tencent.com%2Ftcb%2Fplatform%2Fenv%3Ffrom%3Ddev-platform-iframe&url=https%3A%2F%2Fconsole.cloud.tencent.com%2Ftcb%2Fplatform&t=1777207505895:0
[   79805ms] [ERROR] Failed to load resource: net::ERR_CONNECTION_CLOSED @ https://weda-api.cloud.tencent.com/qcloud-weida/v1/capi?i=lowcode/DescribeApiKeyTokens:0
[   80128ms] [ERROR] Failed to load resource: net::ERR_CONNECTION_CLOSED @ https://weda-api.cloud.tencent.com/qcloud-weida/v1/capi?i=lowcode/DescribeMysqlInstanceStatus:0
[   80136ms] [ERROR] Failed to load resource: net::ERR_CONNECTION_CLOSED @ https://weda-api.cloud.tencent.com/qcloud-weida/v1/capi?i=tcb/DescribeAIModels:0
[   80138ms] [ERROR] Failed to load model groups: Error: [tcb/DescribeAIModels][NETWORK_ERROR] 网络异常：网络不通或被代理拦截，请检查网络和代理状态后重试。 (Failed to fetch)
    at Yce (https://tcb.cloud.tencent.com/dev-platform/1.18.1/assets/main.ebcb9918.js:57:52267)
    at async Proxy.o (https://tcb.cloud.tencent.com/dev-platform/1.18.1/assets/main.ebcb9918.js:57:42175)
    at async https://tcb.cloud.tencent.com/dev-platform/1.18.1/assets/feature-header-content-components-IntegrationGuide-index.d25cdad5.js:192:8906 @ https://tcb.cloud.tencent.com/dev-platform/1.18.1/assets/feature-header-content-components-IntegrationGuide-index.d25cdad5.js:191
[   80591ms] [ERROR] Failed to load resource: net::ERR_CONNECTION_CLOSED @ https://rumt-zh.com/collect?sampled=1&id=0GVQESz2JVkP10XQ7X&uin=100048431065&version=1.18.1&aid=a95a81b8-471c-45ee-8817-74e2f7d750bb&env=production&platform=3&netType=4&vp=1036%20*%20906&sr=1707%20*%201067&sessionId=32ca85da8e0441e6ad3d593b2c376dd6&from=https%3A%2F%2Ftcb.cloud.tencent.com%2Fdev%3FenvId%3Dportfolio-site-v1-d1duqacaea7e51%23%2Fenv%2Fpackage-usage%2Fbasic&referer=https%3A%2F%2Fconsole.cloud.tencent.com%2F:0
[   81096ms] [ERROR] Failed to load resource: net::ERR_CONNECTION_CLOSED @ https://rumt-zh.com/collect?from=https%3A%2F%2Ftcb.cloud.tencent.com%2Fdev%3FenvId%3Dportfolio-site-v1-d1duqacaea7e51%23%2Fenv%2Fpackage-usage%2Fbasic&sampled=1&id=0GVQESz2JVkP10XQ7X&uin=100048431065&version=1.18.1&aid=a95a81b8-471c-45ee-8817-74e2f7d750bb&env=production&platform=3&netType=4&vp=1036%20*%20906&sr=1707%20*%201067&sessionId=32ca85da8e0441e6ad3d593b2c376dd6&referer=https%3A%2F%2Fconsole.cloud.tencent.com%2F:0
[   82112ms] [ERROR] Failed to load resource: net::ERR_CONNECTION_CLOSED @ https://rumt-zh.com/speed?from=https%3A%2F%2Ftcb.cloud.tencent.com%2Fdev%3FenvId%3Dportfolio-site-v1-d1duqacaea7e51%23%2Fenv%2Fpackage-usage%2Fbasic&sampled=1&id=0GVQESz2JVkP10XQ7X&uin=100048431065&version=1.18.1&aid=a95a81b8-471c-45ee-8817-74e2f7d750bb&env=production&platform=3&netType=4&vp=1036%20*%20906&sr=1707%20*%201067&sessionId=32ca85da8e0441e6ad3d593b2c376dd6&referer=https%3A%2F%2Fconsole.cloud.tencent.com%2F:0
[   82112ms] [ERROR] Failed to load resource: net::ERR_CONNECTION_CLOSED @ https://rumt-zh.com/collect?from=https%3A%2F%2Ftcb.cloud.tencent.com%2Fdev%3FenvId%3Dportfolio-site-v1-d1duqacaea7e51%23%2Fenv%2Fpackage-usage%2Fbasic&sampled=1&id=0GVQESz2JVkP10XQ7X&uin=100048431065&version=1.18.1&aid=a95a81b8-471c-45ee-8817-74e2f7d750bb&env=production&platform=3&netType=4&vp=1036%20*%20906&sr=1707%20*%201067&sessionId=32ca85da8e0441e6ad3d593b2c376dd6&referer=https%3A%2F%2Fconsole.cloud.tencent.com%2F:0
[   95976ms] [ERROR] Failed to load resource: net::ERR_CONNECTION_CLOSED @ https://weda-api.cloud.tencent.com/qcloud-weida/v1/capi?i=account/DescribeCurrentUserDetails:0
[   97606ms] [ERROR] Failed to load resource: net::ERR_CONNECTION_CLOSED @ https://rumt-zh.com/speed?from=https%3A%2F%2Ftcb.cloud.tencent.com%2Fdev%3FenvId%3Dportfolio-site-v1-d1duqacaea7e51%23%2Fenv%2Fpackage-usage%2Fbasic&sampled=1&id=0GVQESz2JVkP10XQ7X&uin=100048431065&version=1.18.1&aid=a95a81b8-471c-45ee-8817-74e2f7d750bb&env=production&platform=3&netType=4&vp=1036%20*%20906&sr=1707%20*%201067&sessionId=32ca85da8e0441e6ad3d593b2c376dd6&referer=https%3A%2F%2Fconsole.cloud.tencent.com%2F:0
[   97696ms] [ERROR] Failed to load resource: net::ERR_CONNECTION_CLOSED @ https://rumt-zh.com/collect?sampled=1&id=0GVQESz2JVkP10XQ7X&uin=100048431065&version=1.18.1&aid=a95a81b8-471c-45ee-8817-74e2f7d750bb&env=production&platform=3&netType=4&vp=1036%20*%20906&sr=1707%20*%201067&sessionId=32ca85da8e0441e6ad3d593b2c376dd6&from=https%3A%2F%2Ftcb.cloud.tencent.com%2Fdev%3FenvId%3Dportfolio-site-v1-d1duqacaea7e51%23%2Fenv%2Fpackage-usage%2Fbasic&referer=https%3A%2F%2Fconsole.cloud.tencent.com%2F:0
[   97696ms] [ERROR] Failed to load resource: net::ERR_CONNECTION_CLOSED @ https://rumt-zh.com/collect?from=https%3A%2F%2Ftcb.cloud.tencent.com%2Fdev%3FenvId%3Dportfolio-site-v1-d1duqacaea7e51%23%2Fenv%2Fpackage-usage%2Fbasic&sampled=1&id=0GVQESz2JVkP10XQ7X&uin=100048431065&version=1.18.1&aid=a95a81b8-471c-45ee-8817-74e2f7d750bb&env=production&platform=3&netType=4&vp=1036%20*%20906&sr=1707%20*%201067&sessionId=32ca85da8e0441e6ad3d593b2c376dd6&referer=https%3A%2F%2Fconsole.cloud.tencent.com%2F:0
[  125919ms] [ERROR] Failed to load resource: net::ERR_CONNECTION_CLOSED @ https://weda-api.cloud.tencent.com/qcloud-weida/v1/capi?i=account/DescribeCurrentUserDetails:0
[  127352ms] [ERROR] Failed to load resource: net::ERR_CONNECTION_CLOSED @ https://rumt-zh.com/speed?from=https%3A%2F%2Ftcb.cloud.tencent.com%2Fdev%3FenvId%3Dportfolio-site-v1-d1duqacaea7e51%23%2Fenv%2Fpackage-usage%2Fbasic&sampled=1&id=0GVQESz2JVkP10XQ7X&uin=100048431065&version=1.18.1&aid=a95a81b8-471c-45ee-8817-74e2f7d750bb&env=production&platform=3&netType=4&vp=1036%20*%20906&sr=1707%20*%201067&sessionId=32ca85da8e0441e6ad3d593b2c376dd6&referer=https%3A%2F%2Fconsole.cloud.tencent.com%2F:0
[  127668ms] [ERROR] Failed to load resource: net::ERR_CONNECTION_CLOSED @ https://rumt-zh.com/collect?sampled=1&id=0GVQESz2JVkP10XQ7X&uin=100048431065&version=1.18.1&aid=a95a81b8-471c-45ee-8817-74e2f7d750bb&env=production&platform=3&netType=4&vp=1036%20*%20906&sr=1707%20*%201067&sessionId=32ca85da8e0441e6ad3d593b2c376dd6&from=https%3A%2F%2Ftcb.cloud.tencent.com%2Fdev%3FenvId%3Dportfolio-site-v1-d1duqacaea7e51%23%2Fenv%2Fpackage-usage%2Fbasic&referer=https%3A%2F%2Fconsole.cloud.tencent.com%2F:0
[  128133ms] [ERROR] Failed to load resource: net::ERR_CONNECTION_CLOSED @ https://rumt-zh.com/collect?from=https%3A%2F%2Ftcb.cloud.tencent.com%2Fdev%3FenvId%3Dportfolio-site-v1-d1duqacaea7e51%23%2Fenv%2Fpackage-usage%2Fbasic&sampled=1&id=0GVQESz2JVkP10XQ7X&uin=100048431065&version=1.18.1&aid=a95a81b8-471c-45ee-8817-74e2f7d750bb&env=production&platform=3&netType=4&vp=1036%20*%20906&sr=1707%20*%201067&sessionId=32ca85da8e0441e6ad3d593b2c376dd6&referer=https%3A%2F%2Fconsole.cloud.tencent.com%2F:0
[  155765ms] [ERROR] Failed to load resource: net::ERR_CONNECTION_CLOSED @ https://weda-api.cloud.tencent.com/qcloud-weida/v1/capi?i=account/DescribeCurrentUserDetails:0
[  157180ms] [ERROR] Failed to load resource: net::ERR_CONNECTION_CLOSED @ https://rumt-zh.com/speed?from=https%3A%2F%2Ftcb.cloud.tencent.com%2Fdev%3FenvId%3Dportfolio-site-v1-d1duqacaea7e51%23%2Fenv%2Fpackage-usage%2Fbasic&sampled=1&id=0GVQESz2JVkP10XQ7X&uin=100048431065&version=1.18.1&aid=a95a81b8-471c-45ee-8817-74e2f7d750bb&env=production&platform=3&netType=4&vp=1036%20*%20906&sr=1707%20*%201067&sessionId=32ca85da8e0441e6ad3d593b2c376dd6&referer=https%3A%2F%2Fconsole.cloud.tencent.com%2F:0
[  157483ms] [ERROR] Failed to load resource: net::ERR_CONNECTION_CLOSED @ https://rumt-zh.com/collect?sampled=1&id=0GVQESz2JVkP10XQ7X&uin=100048431065&version=1.18.1&aid=a95a81b8-471c-45ee-8817-74e2f7d750bb&env=production&platform=3&netType=4&vp=1036%20*%20906&sr=1707%20*%201067&sessionId=32ca85da8e0441e6ad3d593b2c376dd6&from=https%3A%2F%2Ftcb.cloud.tencent.com%2Fdev%3FenvId%3Dportfolio-site-v1-d1duqacaea7e51%23%2Fenv%2Fpackage-usage%2Fbasic&referer=https%3A%2F%2Fconsole.cloud.tencent.com%2F:0
[  157925ms] [ERROR] Failed to load resource: net::ERR_CONNECTION_CLOSED @ https://rumt-zh.com/collect?from=https%3A%2F%2Ftcb.cloud.tencent.com%2Fdev%3FenvId%3Dportfolio-site-v1-d1duqacaea7e51%23%2Fenv%2Fpackage-usage%2Fbasic&sampled=1&id=0GVQESz2JVkP10XQ7X&uin=100048431065&version=1.18.1&aid=a95a81b8-471c-45ee-8817-74e2f7d750bb&env=production&platform=3&netType=4&vp=1036%20*%20906&sr=1707%20*%201067&sessionId=32ca85da8e0441e6ad3d593b2c376dd6&referer=https%3A%2F%2Fconsole.cloud.tencent.com%2F:0
[  185751ms] [ERROR] Failed to load resource: net::ERR_CONNECTION_CLOSED @ https://weda-api.cloud.tencent.com/qcloud-weida/v1/capi?i=account/DescribeCurrentUserDetails:0
[  187393ms] [ERROR] Failed to load resource: net::ERR_CONNECTION_CLOSED @ https://rumt-zh.com/speed?from=https%3A%2F%2Ftcb.cloud.tencent.com%2Fdev%3FenvId%3Dportfolio-site-v1-d1duqacaea7e51%23%2Fenv%2Fpackage-usage%2Fbasic&sampled=1&id=0GVQESz2JVkP10XQ7X&uin=100048431065&version=1.18.1&aid=a95a81b8-471c-45ee-8817-74e2f7d750bb&env=production&platform=3&netType=4&vp=1036%20*%20906&sr=1707%20*%201067&sessionId=32ca85da8e0441e6ad3d593b2c376dd6&referer=https%3A%2F%2Fconsole.cloud.tencent.com%2F:0
[  187473ms] [ERROR] Failed to load resource: net::ERR_CONNECTION_CLOSED @ https://rumt-zh.com/collect?sampled=1&id=0GVQESz2JVkP10XQ7X&uin=100048431065&version=1.18.1&aid=a95a81b8-471c-45ee-8817-74e2f7d750bb&env=production&platform=3&netType=4&vp=1036%20*%20906&sr=1707%20*%201067&sessionId=32ca85da8e0441e6ad3d593b2c376dd6&from=https%3A%2F%2Ftcb.cloud.tencent.com%2Fdev%3FenvId%3Dportfolio-site-v1-d1duqacaea7e51%23%2Fenv%2Fpackage-usage%2Fbasic&referer=https%3A%2F%2Fconsole.cloud.tencent.com%2F:0
[  187474ms] [ERROR] Failed to load resource: net::ERR_CONNECTION_CLOSED @ https://rumt-zh.com/collect?from=https%3A%2F%2Ftcb.cloud.tencent.com%2Fdev%3FenvId%3Dportfolio-site-v1-d1duqacaea7e51%23%2Fenv%2Fpackage-usage%2Fbasic&sampled=1&id=0GVQESz2JVkP10XQ7X&uin=100048431065&version=1.18.1&aid=a95a81b8-471c-45ee-8817-74e2f7d750bb&env=production&platform=3&netType=4&vp=1036%20*%20906&sr=1707%20*%201067&sessionId=32ca85da8e0441e6ad3d593b2c376dd6&referer=https%3A%2F%2Fconsole.cloud.tencent.com%2F:0
[  199398ms] [ERROR] Failed to load resource: net::ERR_CONNECTION_CLOSED @ https://tcb.cloud.tencent.com/dev-platform/1.18.1/assets/index.d0b3fb32.css:0
[  199598ms] [ERROR] Failed to load resource: net::ERR_CONNECTION_CLOSED @ https://tcb.cloud.tencent.com/dev-platform/1.18.1/assets/index.ff84f808.css:0
[  199599ms] [ERROR] Failed to load resource: net::ERR_CONNECTION_CLOSED @ https://tcb.cloud.tencent.com/dev-platform/1.18.1/assets/instance-db-selector.d65bc4fa.css:0
[  199599ms] [ERROR] Failed to load resource: net::ERR_CONNECTION_CLOSED @ https://tcb.cloud.tencent.com/dev-platform/1.18.1/assets/db-mysql-layout.3d3f6f74.css:0
[  199981ms] [ERROR] Failed to load resource: net::ERR_CONNECTION_CLOSED @ https://tcb.cloud.tencent.com/dev-platform/1.18.1/assets/index.65eaab13.css:0
[  199986ms] [ERROR] Failed to load resource: net::ERR_CONNECTION_CLOSED @ https://tcb.cloud.tencent.com/dev-platform/1.18.1/assets/db-mysql-layout.b1f839a2.js:0
[  200174ms] [ERROR] Failed to load resource: net::ERR_CONNECTION_CLOSED @ https://tcb.cloud.tencent.com/dev-platform/1.18.1/assets/index.98013429.js:0
[  200376ms] [ERROR] Failed to load resource: net::ERR_CONNECTION_CLOSED @ https://tcb.cloud.tencent.com/dev-platform/1.18.1/assets/cloud-mysql.8165127d.js:0
[  200377ms] [ERROR] Failed to load resource: net::ERR_CONNECTION_CLOSED @ https://tcb.cloud.tencent.com/dev-platform/1.18.1/assets/index.dd5aa521.js:0
[  200577ms] [ERROR] Failed to load resource: net::ERR_CONNECTION_CLOSED @ https://tcb.cloud.tencent.com/dev-platform/1.18.1/assets/VpcSubnetsSelect.140c41e7.js:0
[  200578ms] [ERROR] Failed to load resource: net::ERR_CONNECTION_CLOSED @ https://tcb.cloud.tencent.com/dev-platform/1.18.1/assets/AsyncSelect.b14e05f1.js:0
[  200578ms] [ERROR] Failed to load resource: net::ERR_CONNECTION_CLOSED @ https://tcb.cloud.tencent.com/dev-platform/1.18.1/assets/docDbModule.4951c70b.js:0
[  200593ms] [ERROR] Failed to load resource: net::ERR_CONNECTION_CLOSED @ https://tcb.cloud.tencent.com/dev-platform/1.18.1/assets/index.10512991.js:0
[  200772ms] [ERROR] Failed to load resource: net::ERR_CONNECTION_CLOSED @ https://rumt-zh.com/collect?from=https%3A%2F%2Ftcb.cloud.tencent.com%2Fdev%3FenvId%3Dportfolio-site-v1-d1duqacaea7e51%23%2Fenv%2Fpackage-usage%2Fbasic&sampled=1&id=0GVQESz2JVkP10XQ7X&uin=100048431065&version=1.18.1&aid=a95a81b8-471c-45ee-8817-74e2f7d750bb&env=production&platform=3&netType=4&vp=1036%20*%20906&sr=1707%20*%201067&sessionId=32ca85da8e0441e6ad3d593b2c376dd6&referer=https%3A%2F%2Fconsole.cloud.tencent.com%2F:0
[  201079ms] [ERROR] Failed to load resource: net::ERR_CONNECTION_CLOSED @ https://rumt-zh.com/collect?from=https%3A%2F%2Ftcb.cloud.tencent.com%2Fdev%3FenvId%3Dportfolio-site-v1-d1duqacaea7e51%23%2Fdb%2Fmysql%2Ftable%2Fdefault%2F&sampled=1&id=0GVQESz2JVkP10XQ7X&uin=100048431065&version=1.18.1&aid=a95a81b8-471c-45ee-8817-74e2f7d750bb&env=production&platform=3&netType=4&vp=1036%20*%20906&sr=1707%20*%201067&sessionId=32ca85da8e0441e6ad3d593b2c376dd6&referer=https%3A%2F%2Fconsole.cloud.tencent.com%2F:0
[  201358ms] [ERROR] Failed to load resource: net::ERR_CONNECTION_CLOSED @ https://tcb.cloud.tencent.com/dev-platform/1.18.1/assets/index.0af3cd2c.js:0
[  201362ms] [ERROR] Failed to load resource: net::ERR_CONNECTION_CLOSED @ https://rumt-zh.com/collect?sampled=1&id=0GVQESz2JVkP10XQ7X&uin=100048431065&version=1.18.1&aid=a95a81b8-471c-45ee-8817-74e2f7d750bb&env=production&platform=3&netType=4&vp=1036%20*%20906&sr=1707%20*%201067&sessionId=32ca85da8e0441e6ad3d593b2c376dd6&from=https%3A%2F%2Ftcb.cloud.tencent.com%2Fdev%3FenvId%3Dportfolio-site-v1-d1duqacaea7e51%23%2Fdb%2Fmysql%2Ftable%2Fdefault%2F&referer=https%3A%2F%2Fconsole.cloud.tencent.com%2F:0
[  201553ms] [ERROR] Failed to load resource: net::ERR_CONNECTION_CLOSED @ https://tcb.cloud.tencent.com/dev-platform/1.18.1/assets/index.c2f95d2a.js:0
[  201556ms] [ERROR] Failed to load resource: net::ERR_CONNECTION_CLOSED @ https://tcb.cloud.tencent.com/dev-platform/1.18.1/assets/_Uint8Array.92704bdc.js:0
[  201763ms] [ERROR] Failed to load resource: net::ERR_CONNECTION_CLOSED @ https://tcb.cloud.tencent.com/dev-platform/1.18.1/assets/isEmpty.24a36d48.js:0
[  201764ms] [ERROR] Failed to load resource: net::ERR_CONNECTION_CLOSED @ https://rumt-zh.com/collect?from=https%3A%2F%2Ftcb.cloud.tencent.com%2Fdev%3FenvId%3Dportfolio-site-v1-d1duqacaea7e51%23%2Fdb%2Fmysql%2Ftable%2Fdefault%2F&sampled=1&id=0GVQESz2JVkP10XQ7X&uin=100048431065&version=1.18.1&aid=a95a81b8-471c-45ee-8817-74e2f7d750bb&env=production&platform=3&netType=4&vp=1036%20*%20906&sr=1707%20*%201067&sessionId=32ca85da8e0441e6ad3d593b2c376dd6&referer=https%3A%2F%2Fconsole.cloud.tencent.com%2F:0
[  201933ms] [ERROR] Failed to load resource: net::ERR_CONNECTION_CLOSED @ https://tcb.cloud.tencent.com/dev-platform/1.18.1/assets/index.2b4c5b01.js:0
[  202185ms] [ERROR] Failed to load resource: net::ERR_CONNECTION_CLOSED @ https://tcb.cloud.tencent.com/dev-platform/1.18.1/assets/one-light.978823c6.js:0
[  202186ms] [ERROR] Failed to load resource: net::ERR_CONNECTION_CLOSED @ https://tcb.cloud.tencent.com/dev-platform/1.18.1/assets/last.6ce92b3f.js:0
[  202583ms] [ERROR] Failed to load resource: net::ERR_CONNECTION_CLOSED @ https://tcb.cloud.tencent.com/dev-platform/1.18.1/assets/_initCloneObject.7dfbdc26.js:0
[  202584ms] [ERROR] Failed to load resource: net::ERR_CONNECTION_CLOSED @ https://tcb.cloud.tencent.com/dev-platform/1.18.1/assets/index.0d8789ee.js:0
[  202779ms] [ERROR] Failed to load resource: net::ERR_CONNECTION_CLOSED @ https://tcb.cloud.tencent.com/dev-platform/1.18.1/assets/throttle.272021e6.js:0
[  202973ms] [ERROR] Failed to load resource: net::ERR_CONNECTION_CLOSED @ https://rumt-zh.com/collect?from=https%3A%2F%2Ftcb.cloud.tencent.com%2Fdev%3FenvId%3Dportfolio-site-v1-d1duqacaea7e51%23%2Fdb%2Fmysql%2Ftable%2Fdefault%2F&sampled=1&id=0GVQESz2JVkP10XQ7X&uin=100048431065&version=1.18.1&aid=a95a81b8-471c-45ee-8817-74e2f7d750bb&env=production&platform=3&netType=4&vp=1036%20*%20906&sr=1707%20*%201067&sessionId=32ca85da8e0441e6ad3d593b2c376dd6&referer=https%3A%2F%2Fconsole.cloud.tencent.com%2F:0
[  203006ms] [ERROR] Failed to load resource: net::ERR_CONNECTION_CLOSED @ https://tcb.cloud.tencent.com/dev-platform/1.18.1/assets/mapKeys.575f9190.js:0
[  203202ms] [ERROR] Failed to load resource: net::ERR_CONNECTION_CLOSED @ https://tcb.cloud.tencent.com/dev-platform/1.18.1/assets/preview-data.63f25af6.js:0
[  203203ms] [ERROR] Failed to load resource: net::ERR_CONNECTION_CLOSED @ https://tcb.cloud.tencent.com/dev-platform/1.18.1/assets/adapter.cbbade66.js:0
[  203406ms] [ERROR] Failed to load resource: net::ERR_CONNECTION_CLOSED @ https://tcb.cloud.tencent.com/dev-platform/1.18.1/assets/index.20f715f4.js:0
[  203571ms] [ERROR] Failed to load resource: net::ERR_CONNECTION_CLOSED @ https://tcb.cloud.tencent.com/dev-platform/1.18.1/assets/ds-adapter.194a4da3.js:0
[  203599ms] [ERROR] Failed to load resource: net::ERR_CONNECTION_CLOSED @ https://tcb.cloud.tencent.com/dev-platform/1.18.1/assets/envUtil.045481fc.js:0
[  203631ms] [ERROR] Failed to load resource: net::ERR_CONNECTION_CLOSED @ https://rumt-zh.com/collect?from=https%3A%2F%2Ftcb.cloud.tencent.com%2Fdev%3FenvId%3Dportfolio-site-v1-d1duqacaea7e51%23%2Fdb%2Fmysql%2Ftable%2Fdefault%2F&sampled=1&id=0GVQESz2JVkP10XQ7X&uin=100048431065&version=1.18.1&aid=a95a81b8-471c-45ee-8817-74e2f7d750bb&env=production&platform=3&netType=4&vp=1036%20*%20906&sr=1707%20*%201067&sessionId=32ca85da8e0441e6ad3d593b2c376dd6&referer=https%3A%2F%2Fconsole.cloud.tencent.com%2F:0
[  203796ms] [ERROR] Failed to load resource: net::ERR_CONNECTION_CLOSED @ https://tcb.cloud.tencent.com/dev-platform/1.18.1/assets/index.d92eb023.js:0
[  203797ms] [ERROR] Failed to load resource: net::ERR_CONNECTION_CLOSED @ https://tcb.cloud.tencent.com/dev-platform/1.18.1/assets/flexdb.3b080964.js:0
[  203797ms] [ERROR] Failed to load resource: net::ERR_CONNECTION_CLOSED @ https://tcb.cloud.tencent.com/dev-platform/1.18.1/assets/tcb.3fe7b7bd.js:0
[  204030ms] [ERROR] Failed to load resource: net::ERR_CONNECTION_CLOSED @ https://rumt-zh.com/collect?from=https%3A%2F%2Ftcb.cloud.tencent.com%2Fdev%3FenvId%3Dportfolio-site-v1-d1duqacaea7e51%23%2Fdb%2Fmysql%2Ftable%2Fdefault%2F&sampled=1&id=0GVQESz2JVkP10XQ7X&uin=100048431065&version=1.18.1&aid=a95a81b8-471c-45ee-8817-74e2f7d750bb&env=production&platform=3&netType=4&vp=1036%20*%20906&sr=1707%20*%201067&sessionId=32ca85da8e0441e6ad3d593b2c376dd6&referer=https%3A%2F%2Fconsole.cloud.tencent.com%2F:0
[  204196ms] [ERROR] Failed to load resource: net::ERR_CONNECTION_CLOSED @ https://tcb.cloud.tencent.com/dev-platform/1.18.1/assets/TcbPage.7149642e.js:0
[  204197ms] [ERROR] Failed to load resource: net::ERR_CONNECTION_CLOSED @ https://tcb.cloud.tencent.com/dev-platform/1.18.1/assets/envStore.95fe3f9a.js:0
[  204382ms] [ERROR] Failed to load resource: net::ERR_CONNECTION_CLOSED @ https://tcb.cloud.tencent.com/dev-platform/1.18.1/assets/useSequentialDeps.e2746f17.js:0
[  204394ms] [ERROR] Failed to load resource: net::ERR_CONNECTION_CLOSED @ https://tcb.cloud.tencent.com/dev-platform/1.18.1/assets/index.b096d708.js:0
[  204594ms] [ERROR] Failed to load resource: net::ERR_CONNECTION_CLOSED @ https://tcb.cloud.tencent.com/dev-platform/1.18.1/assets/helper.f5984b10.js:0
[  204595ms] [ERROR] Failed to load resource: net::ERR_CONNECTION_CLOSED @ https://tcb.cloud.tencent.com/dev-platform/1.18.1/assets/Dialog.51cb192f.js:0
[  204595ms] [ERROR] Failed to load resource: net::ERR_CONNECTION_CLOSED @ https://tcb.cloud.tencent.com/dev-platform/1.18.1/assets/cloud-admin.e5c79557.js:0
[  204599ms] [ERROR] Failed to load resource: net::ERR_CONNECTION_CLOSED @ https://rumt-zh.com/collect?from=https%3A%2F%2Ftcb.cloud.tencent.com%2Fdev%3FenvId%3Dportfolio-site-v1-d1duqacaea7e51%23%2Fdb%2Fmysql%2Ftable%2Fdefault%2F&sampled=1&id=0GVQESz2JVkP10XQ7X&uin=100048431065&version=1.18.1&aid=a95a81b8-471c-45ee-8817-74e2f7d750bb&env=production&platform=3&netType=4&vp=1036%20*%20906&sr=1707%20*%201067&sessionId=32ca85da8e0441e6ad3d593b2c376dd6&referer=https%3A%2F%2Fconsole.cloud.tencent.com%2F:0
[  204988ms] [ERROR] Failed to load resource: net::ERR_CONNECTION_CLOSED @ https://tcb.cloud.tencent.com/dev-platform/1.18.1/assets/utils.8553e00c.js:0
[  205009ms] [ERROR] Failed to load resource: net::ERR_CONNECTION_CLOSED @ https://tcb.cloud.tencent.com/dev-platform/1.18.1/assets/system-role.39d1c22a.js:0
[  205188ms] [ERROR] Failed to load resource: net::ERR_CONNECTION_CLOSED @ https://tcb.cloud.tencent.com/dev-platform/1.18.1/assets/model.e452102c.js:0
[  205189ms] [ERROR] Failed to load resource: net::ERR_CONNECTION_CLOSED @ https://tcb.cloud.tencent.com/dev-platform/1.18.1/assets/usePostpayQuotaLimit.cfff9666.js:0
[  205189ms] [ERROR] Failed to load resource: net::ERR_CONNECTION_CLOSED @ https://tcb.cloud.tencent.com/dev-platform/1.18.1/assets/instance-db-selector.c863dee1.js:0
[  205216ms] [ERROR] Failed to load resource: net::ERR_CONNECTION_CLOSED @ https://rumt-zh.com/collect?from=https%3A%2F%2Ftcb.cloud.tencent.com%2Fdev%3FenvId%3Dportfolio-site-v1-d1duqacaea7e51%23%2Fdb%2Fmysql%2Ftable%2Fdefault%2F&sampled=1&id=0GVQESz2JVkP10XQ7X&uin=100048431065&version=1.18.1&aid=a95a81b8-471c-45ee-8817-74e2f7d750bb&env=production&platform=3&netType=4&vp=1036%20*%20906&sr=1707%20*%201067&sessionId=32ca85da8e0441e6ad3d593b2c376dd6&referer=https%3A%2F%2Fconsole.cloud.tencent.com%2F:0
[  205412ms] [ERROR] Failed to load resource: net::ERR_CONNECTION_CLOSED @ https://tcb.cloud.tencent.com/dev-platform/1.18.1/assets/api.291fa214.js:0
[  205413ms] [ERROR] Failed to load resource: net::ERR_CONNECTION_CLOSED @ https://tcb.cloud.tencent.com/dev-platform/1.18.1/assets/CreateDbConnector.74173125.js:0
[  205588ms] [ERROR] Failed to load resource: net::ERR_CONNECTION_CLOSED @ https://rumt-zh.com/collect?from=https%3A%2F%2Ftcb.cloud.tencent.com%2Fdev%3FenvId%3Dportfolio-site-v1-d1duqacaea7e51%23%2Fdb%2Fmysql%2Ftable%2Fdefault%2F&sampled=1&id=0GVQESz2JVkP10XQ7X&uin=100048431065&version=1.18.1&aid=a95a81b8-471c-45ee-8817-74e2f7d750bb&env=production&platform=3&netType=4&vp=1036%20*%20906&sr=1707%20*%201067&sessionId=32ca85da8e0441e6ad3d593b2c376dd6&referer=https%3A%2F%2Fconsole.cloud.tencent.com%2F:0
[  205612ms] [ERROR] Failed to load resource: net::ERR_CONNECTION_CLOSED @ https://tcb.cloud.tencent.com/dev-platform/1.18.1/assets/useCam.5dbc8a2c.js:0
[  205613ms] [ERROR] Failed to load resource: net::ERR_CONNECTION_CLOSED @ https://tcb.cloud.tencent.com/dev-platform/1.18.1/assets/index.57b69123.js:0
[  205613ms] [ERROR] Failed to load resource: net::ERR_CONNECTION_CLOSED @ https://tcb.cloud.tencent.com/dev-platform/1.18.1/assets/page-db-mysql-table-index.fd374018.js:0
[  205613ms] [ERROR] Failed to load resource: net::ERR_CONNECTION_CLOSED @ https://tcb.cloud.tencent.com/dev-platform/1.18.1/assets/useMiddleTableCheck.1a7c81bf.js:0
[  205956ms] [ERROR] Failed to load resource: net::ERR_CONNECTION_CLOSED @ https://tcb.cloud.tencent.com/dev-platform/1.18.1/assets/index.597b0202.js:0
[  206018ms] [ERROR] Failed to load resource: net::ERR_CONNECTION_CLOSED @ https://rumt-zh.com/collect?from=https%3A%2F%2Ftcb.cloud.tencent.com%2Fdev%3FenvId%3Dportfolio-site-v1-d1duqacaea7e51%23%2Fdb%2Fmysql%2Ftable%2Fdefault%2F&sampled=1&id=0GVQESz2JVkP10XQ7X&uin=100048431065&version=1.18.1&aid=a95a81b8-471c-45ee-8817-74e2f7d750bb&env=production&platform=3&netType=4&vp=1036%20*%20906&sr=1707%20*%201067&sessionId=32ca85da8e0441e6ad3d593b2c376dd6&referer=https%3A%2F%2Fconsole.cloud.tencent.com%2F:0
[  206375ms] [ERROR] Failed to load resource: net::ERR_CONNECTION_CLOSED @ https://tcb.cloud.tencent.com/dev-platform/1.18.1/assets/index.20602c5a.js:0
[  206594ms] [ERROR] Failed to load resource: net::ERR_CONNECTION_CLOSED @ https://tcb.cloud.tencent.com/dev-platform/1.18.1/assets/useFormTableQuery.d4780666.js:0
[  206743ms] [ERROR] Failed to load resource: net::ERR_CONNECTION_CLOSED @ https://tcb.cloud.tencent.com/dev-platform/1.18.1/assets/index.4e465d1d.js:0
[  207810ms] [ERROR] Failed to load resource: net::ERR_CONNECTION_CLOSED @ https://rumt-zh.com/collect?from=https%3A%2F%2Ftcb.cloud.tencent.com%2Fdev%3FenvId%3Dportfolio-site-v1-d1duqacaea7e51%23%2Fdb%2Fmysql%2Ftable%2Fdefault%2F&sampled=1&id=0GVQESz2JVkP10XQ7X&uin=100048431065&version=1.18.1&aid=a95a81b8-471c-45ee-8817-74e2f7d750bb&env=production&platform=3&netType=4&vp=1036%20*%20906&sr=1707%20*%201067&sessionId=32ca85da8e0441e6ad3d593b2c376dd6&referer=https%3A%2F%2Fconsole.cloud.tencent.com%2F:0
[  208240ms] [ERROR] Failed to load resource: net::ERR_CONNECTION_CLOSED @ https://rumt-zh.com/speed?from=https%3A%2F%2Ftcb.cloud.tencent.com%2Fdev%3FenvId%3Dportfolio-site-v1-d1duqacaea7e51%23%2Fenv%2Fpackage-usage%2Fbasic&sampled=1&id=0GVQESz2JVkP10XQ7X&uin=100048431065&version=1.18.1&aid=a95a81b8-471c-45ee-8817-74e2f7d750bb&env=production&platform=3&netType=4&vp=1036%20*%20906&sr=1707%20*%201067&sessionId=32ca85da8e0441e6ad3d593b2c376dd6&referer=https%3A%2F%2Fconsole.cloud.tencent.com%2F:0
[  208261ms] [ERROR] Failed to load resource: net::ERR_CONNECTION_CLOSED @ https://rumt-zh.com/speed?from=https%3A%2F%2Ftcb.cloud.tencent.com%2Fdev%3FenvId%3Dportfolio-site-v1-d1duqacaea7e51%23%2Fdb%2Fmysql%2Ftable%2Fdefault%2F&sampled=1&id=0GVQESz2JVkP10XQ7X&uin=100048431065&version=1.18.1&aid=a95a81b8-471c-45ee-8817-74e2f7d750bb&env=production&platform=3&netType=4&vp=1036%20*%20906&sr=1707%20*%201067&sessionId=32ca85da8e0441e6ad3d593b2c376dd6&referer=https%3A%2F%2Fconsole.cloud.tencent.com%2F:0
[  215750ms] [ERROR] Failed to load resource: net::ERR_CONNECTION_CLOSED @ https://weda-api.cloud.tencent.com/qcloud-weida/v1/capi?i=account/DescribeCurrentUserDetails:0
[  217493ms] [ERROR] Failed to load resource: net::ERR_CONNECTION_CLOSED @ https://rumt-zh.com/speed?from=https%3A%2F%2Ftcb.cloud.tencent.com%2Fdev%3FenvId%3Dportfolio-site-v1-d1duqacaea7e51%23%2Fdb%2Fmysql%2Ftable%2Fdefault%2F&sampled=1&id=0GVQESz2JVkP10XQ7X&uin=100048431065&version=1.18.1&aid=a95a81b8-471c-45ee-8817-74e2f7d750bb&env=production&platform=3&netType=3&vp=1036%20*%20906&sr=1707%20*%201067&sessionId=32ca85da8e0441e6ad3d593b2c376dd6&referer=https%3A%2F%2Fconsole.cloud.tencent.com%2F:0
[  217883ms] [ERROR] Failed to load resource: net::ERR_CONNECTION_CLOSED @ https://rumt-zh.com/collect?sampled=1&id=0GVQESz2JVkP10XQ7X&uin=100048431065&version=1.18.1&aid=a95a81b8-471c-45ee-8817-74e2f7d750bb&env=production&platform=3&netType=3&vp=1036%20*%20906&sr=1707%20*%201067&sessionId=32ca85da8e0441e6ad3d593b2c376dd6&from=https%3A%2F%2Ftcb.cloud.tencent.com%2Fdev%3FenvId%3Dportfolio-site-v1-d1duqacaea7e51%23%2Fdb%2Fmysql%2Ftable%2Fdefault%2F&referer=https%3A%2F%2Fconsole.cloud.tencent.com%2F:0
[  218402ms] [ERROR] Failed to load resource: net::ERR_CONNECTION_CLOSED @ https://rumt-zh.com/collect?from=https%3A%2F%2Ftcb.cloud.tencent.com%2Fdev%3FenvId%3Dportfolio-site-v1-d1duqacaea7e51%23%2Fdb%2Fmysql%2Ftable%2Fdefault%2F&sampled=1&id=0GVQESz2JVkP10XQ7X&uin=100048431065&version=1.18.1&aid=a95a81b8-471c-45ee-8817-74e2f7d750bb&env=production&platform=3&netType=3&vp=1036%20*%20906&sr=1707%20*%201067&sessionId=32ca85da8e0441e6ad3d593b2c376dd6&referer=https%3A%2F%2Fconsole.cloud.tencent.com%2F:0
[  237439ms] [ERROR] Failed to load resource: net::ERR_CONNECTION_CLOSED @ https://tcb.cloud.tencent.com/dev-platform/1.18.1/assets/AdvancedConfigCard.1d3e39c3.css:0
[  237631ms] [ERROR] Failed to load resource: net::ERR_CONNECTION_CLOSED @ https://tcb.cloud.tencent.com/dev-platform/1.18.1/assets/CreateDomainAndRouteModal.75c01cd9.css:0
[  237833ms] [ERROR] Failed to load resource: net::ERR_CONNECTION_CLOSED @ https://tcb.cloud.tencent.com/dev-platform/1.18.1/assets/layout.4fecb798.js:0
[  237835ms] [ERROR] Failed to load resource: net::ERR_CONNECTION_CLOSED @ https://tcb.cloud.tencent.com/dev-platform/1.18.1/assets/page-static-hosting-index.c41f199f.js:0
[  237849ms] [ERROR] Failed to load resource: net::ERR_CONNECTION_CLOSED @ https://tcb.cloud.tencent.com/dev-platform/1.18.1/assets/useFrameworkConfig.176930e7.js:0
[  238028ms] [ERROR] Failed to load resource: net::ERR_CONNECTION_CLOSED @ https://tcb.cloud.tencent.com/dev-platform/1.18.1/assets/index.5347427b.js:0
[  238028ms] [ERROR] Failed to load resource: net::ERR_CONNECTION_CLOSED @ https://tcb.cloud.tencent.com/dev-platform/1.18.1/assets/utils.34e6477d.js:0
[  238033ms] [ERROR] Failed to load resource: net::ERR_CONNECTION_CLOSED @ https://tcb.cloud.tencent.com/dev-platform/1.18.1/assets/AppDeployTable.0169d5a2.js:0
[  238249ms] [ERROR] Failed to load resource: net::ERR_CONNECTION_CLOSED @ https://rumt-zh.com/collect?from=https%3A%2F%2Ftcb.cloud.tencent.com%2Fdev%3FenvId%3Dportfolio-site-v1-d1duqacaea7e51%23%2Fdb%2Fmysql%2Ftable%2Fdefault%2F&sampled=1&id=0GVQESz2JVkP10XQ7X&uin=100048431065&version=1.18.1&aid=a95a81b8-471c-45ee-8817-74e2f7d750bb&env=production&platform=3&netType=3&vp=1036%20*%20906&sr=1707%20*%201067&sessionId=32ca85da8e0441e6ad3d593b2c376dd6&referer=https%3A%2F%2Fconsole.cloud.tencent.com%2F:0
[  238416ms] [ERROR] Failed to load resource: net::ERR_CONNECTION_CLOSED @ https://tcb.cloud.tencent.com/dev-platform/1.18.1/assets/index.415618af.js:0
[  238552ms] [ERROR] Failed to load resource: net::ERR_CONNECTION_CLOSED @ https://rumt-zh.com/collect?from=https%3A%2F%2Ftcb.cloud.tencent.com%2Fdev%3FenvId%3Dportfolio-site-v1-d1duqacaea7e51%23%2Fstatic-hosting&sampled=1&id=0GVQESz2JVkP10XQ7X&uin=100048431065&version=1.18.1&aid=a95a81b8-471c-45ee-8817-74e2f7d750bb&env=production&platform=3&netType=3&vp=1036%20*%20906&sr=1707%20*%201067&sessionId=32ca85da8e0441e6ad3d593b2c376dd6&referer=https%3A%2F%2Fconsole.cloud.tencent.com%2F:0
[  238616ms] [ERROR] Failed to load resource: net::ERR_CONNECTION_CLOSED @ https://tcb.cloud.tencent.com/dev-platform/1.18.1/assets/solr.11f1f612.js:0
[  238634ms] [ERROR] Failed to load resource: net::ERR_CONNECTION_CLOSED @ https://tcb.cloud.tencent.com/dev-platform/1.18.1/assets/getCos.b97d1abc.js:0
[  238666ms] [ERROR] Failed to load resource: net::ERR_CONNECTION_CLOSED @ https://tcb.cloud.tencent.com/dev-platform/1.18.1/assets/ToQpsLimit.26ea5647.js:0
[  238815ms] [ERROR] Failed to load resource: net::ERR_CONNECTION_CLOSED @ https://rumt-zh.com/collect?sampled=1&id=0GVQESz2JVkP10XQ7X&uin=100048431065&version=1.18.1&aid=a95a81b8-471c-45ee-8817-74e2f7d750bb&env=production&platform=3&netType=3&vp=1036%20*%20906&sr=1707%20*%201067&sessionId=32ca85da8e0441e6ad3d593b2c376dd6&from=https%3A%2F%2Ftcb.cloud.tencent.com%2Fdev%3FenvId%3Dportfolio-site-v1-d1duqacaea7e51%23%2Fstatic-hosting&referer=https%3A%2F%2Fconsole.cloud.tencent.com%2F:0
[  238829ms] [ERROR] Failed to load resource: net::ERR_CONNECTION_CLOSED @ https://tcb.cloud.tencent.com/dev-platform/1.18.1/assets/AdvancedConfigList.d164ec29.js:0
[  238835ms] [ERROR] Failed to load resource: net::ERR_CONNECTION_CLOSED @ https://tcb.cloud.tencent.com/dev-platform/1.18.1/assets/AdvancedConfigCard.ef9be2ee.js:0
[  239014ms] [ERROR] Failed to load resource: net::ERR_CONNECTION_CLOSED @ https://tcb.cloud.tencent.com/dev-platform/1.18.1/assets/DefaultDomainTip.c0b1b77c.js:0
[  239029ms] [ERROR] Failed to load resource: net::ERR_CONNECTION_CLOSED @ https://tcb.cloud.tencent.com/dev-platform/1.18.1/assets/CreateDomainAndRouteModal.3d72ac80.js:0
[  239064ms] [ERROR] Failed to load resource: net::ERR_CONNECTION_CLOSED @ https://tcb.cloud.tencent.com/dev-platform/1.18.1/assets/model.8e21b830.js:0
[  239126ms] [ERROR] Failed to load resource: net::ERR_CONNECTION_CLOSED @ https://rumt-zh.com/collect?from=https%3A%2F%2Ftcb.cloud.tencent.com%2Fdev%3FenvId%3Dportfolio-site-v1-d1duqacaea7e51%23%2Fstatic-hosting&sampled=1&id=0GVQESz2JVkP10XQ7X&uin=100048431065&version=1.18.1&aid=a95a81b8-471c-45ee-8817-74e2f7d750bb&env=production&platform=3&netType=3&vp=1036%20*%20906&sr=1707%20*%201067&sessionId=32ca85da8e0441e6ad3d593b2c376dd6&referer=https%3A%2F%2Fconsole.cloud.tencent.com%2F:0
[  239255ms] [ERROR] Failed to load resource: net::ERR_CONNECTION_CLOSED @ https://tcb.cloud.tencent.com/dev-platform/1.18.1/assets/request.67bc58ec.js:0
[  239455ms] [ERROR] Failed to load resource: net::ERR_CONNECTION_CLOSED @ https://rumt-zh.com/collect?from=https%3A%2F%2Ftcb.cloud.tencent.com%2Fdev%3FenvId%3Dportfolio-site-v1-d1duqacaea7e51%23%2Fstatic-hosting&sampled=1&id=0GVQESz2JVkP10XQ7X&uin=100048431065&version=1.18.1&aid=a95a81b8-471c-45ee-8817-74e2f7d750bb&env=production&platform=3&netType=3&vp=1036%20*%20906&sr=1707%20*%201067&sessionId=32ca85da8e0441e6ad3d593b2c376dd6&referer=https%3A%2F%2Fconsole.cloud.tencent.com%2F:0
[  239839ms] [ERROR] Failed to load resource: net::ERR_CONNECTION_CLOSED @ https://tcb.cloud.tencent.com/dev-platform/1.18.1/assets/Finder.ce5dad3c.js:0
[  240659ms] [ERROR] Failed to load resource: net::ERR_CONNECTION_CLOSED @ https://rumt-zh.com/collect?from=https%3A%2F%2Ftcb.cloud.tencent.com%2Fdev%3FenvId%3Dportfolio-site-v1-d1duqacaea7e51%23%2Fstatic-hosting&sampled=1&id=0GVQESz2JVkP10XQ7X&uin=100048431065&version=1.18.1&aid=a95a81b8-471c-45ee-8817-74e2f7d750bb&env=production&platform=3&netType=3&vp=1036%20*%20906&sr=1707%20*%201067&sessionId=32ca85da8e0441e6ad3d593b2c376dd6&referer=https%3A%2F%2Fconsole.cloud.tencent.com%2F:0
[  241242ms] [ERROR] Failed to load resource: net::ERR_CONNECTION_CLOSED @ https://rumt-zh.com/speed?from=https%3A%2F%2Ftcb.cloud.tencent.com%2Fdev%3FenvId%3Dportfolio-site-v1-d1duqacaea7e51%23%2Fdb%2Fmysql%2Ftable%2Fdefault%2F&sampled=1&id=0GVQESz2JVkP10XQ7X&uin=100048431065&version=1.18.1&aid=a95a81b8-471c-45ee-8817-74e2f7d750bb&env=production&platform=3&netType=3&vp=1036%20*%20906&sr=1707%20*%201067&sessionId=32ca85da8e0441e6ad3d593b2c376dd6&referer=https%3A%2F%2Fconsole.cloud.tencent.com%2F:0
[  242111ms] [ERROR] Failed to load resource: net::ERR_CONNECTION_CLOSED @ https://rumt-zh.com/speed?from=https%3A%2F%2Ftcb.cloud.tencent.com%2Fdev%3FenvId%3Dportfolio-site-v1-d1duqacaea7e51%23%2Fstatic-hosting&sampled=1&id=0GVQESz2JVkP10XQ7X&uin=100048431065&version=1.18.1&aid=a95a81b8-471c-45ee-8817-74e2f7d750bb&env=production&platform=3&netType=3&vp=1036%20*%20906&sr=1707%20*%201067&sessionId=32ca85da8e0441e6ad3d593b2c376dd6&referer=https%3A%2F%2Fconsole.cloud.tencent.com%2F:0
[  245925ms] [ERROR] Failed to load resource: net::ERR_CONNECTION_CLOSED @ https://weda-api.cloud.tencent.com/qcloud-weida/v1/capi?i=account/DescribeCurrentUserDetails:0
[  247340ms] [ERROR] Failed to load resource: net::ERR_CONNECTION_CLOSED @ https://rumt-zh.com/speed?from=https%3A%2F%2Ftcb.cloud.tencent.com%2Fdev%3FenvId%3Dportfolio-site-v1-d1duqacaea7e51%23%2Fstatic-hosting&sampled=1&id=0GVQESz2JVkP10XQ7X&uin=100048431065&version=1.18.1&aid=a95a81b8-471c-45ee-8817-74e2f7d750bb&env=production&platform=3&netType=3&vp=1036%20*%20906&sr=1707%20*%201067&sessionId=32ca85da8e0441e6ad3d593b2c376dd6&referer=https%3A%2F%2Fconsole.cloud.tencent.com%2F:0
[  247644ms] [ERROR] Failed to load resource: net::ERR_CONNECTION_CLOSED @ https://rumt-zh.com/collect?sampled=1&id=0GVQESz2JVkP10XQ7X&uin=100048431065&version=1.18.1&aid=a95a81b8-471c-45ee-8817-74e2f7d750bb&env=production&platform=3&netType=3&vp=1036%20*%20906&sr=1707%20*%201067&sessionId=32ca85da8e0441e6ad3d593b2c376dd6&from=https%3A%2F%2Ftcb.cloud.tencent.com%2Fdev%3FenvId%3Dportfolio-site-v1-d1duqacaea7e51%23%2Fstatic-hosting&referer=https%3A%2F%2Fconsole.cloud.tencent.com%2F:0
[  247644ms] [ERROR] Failed to load resource: net::ERR_CONNECTION_CLOSED @ https://rumt-zh.com/collect?from=https%3A%2F%2Ftcb.cloud.tencent.com%2Fdev%3FenvId%3Dportfolio-site-v1-d1duqacaea7e51%23%2Fstatic-hosting&sampled=1&id=0GVQESz2JVkP10XQ7X&uin=100048431065&version=1.18.1&aid=a95a81b8-471c-45ee-8817-74e2f7d750bb&env=production&platform=3&netType=3&vp=1036%20*%20906&sr=1707%20*%201067&sessionId=32ca85da8e0441e6ad3d593b2c376dd6&referer=https%3A%2F%2Fconsole.cloud.tencent.com%2F:0
[  275757ms] [ERROR] Failed to load resource: net::ERR_CONNECTION_CLOSED @ https://weda-api.cloud.tencent.com/qcloud-weida/v1/capi?i=account/DescribeCurrentUserDetails:0
[  277393ms] [ERROR] Failed to load resource: net::ERR_CONNECTION_CLOSED @ https://rumt-zh.com/speed?from=https%3A%2F%2Ftcb.cloud.tencent.com%2Fdev%3FenvId%3Dportfolio-site-v1-d1duqacaea7e51%23%2Fstatic-hosting&sampled=1&id=0GVQESz2JVkP10XQ7X&uin=100048431065&version=1.18.1&aid=a95a81b8-471c-45ee-8817-74e2f7d750bb&env=production&platform=3&netType=3&vp=1036%20*%20906&sr=1707%20*%201067&sessionId=32ca85da8e0441e6ad3d593b2c376dd6&referer=https%3A%2F%2Fconsole.cloud.tencent.com%2F:0
[  277956ms] [ERROR] Failed to load resource: net::ERR_CONNECTION_CLOSED @ https://rumt-zh.com/collect?sampled=1&id=0GVQESz2JVkP10XQ7X&uin=100048431065&version=1.18.1&aid=a95a81b8-471c-45ee-8817-74e2f7d750bb&env=production&platform=3&netType=3&vp=1036%20*%20906&sr=1707%20*%201067&sessionId=32ca85da8e0441e6ad3d593b2c376dd6&from=https%3A%2F%2Ftcb.cloud.tencent.com%2Fdev%3FenvId%3Dportfolio-site-v1-d1duqacaea7e51%23%2Fstatic-hosting&referer=https%3A%2F%2Fconsole.cloud.tencent.com%2F:0
[  277957ms] [ERROR] Failed to load resource: net::ERR_CONNECTION_CLOSED @ https://rumt-zh.com/collect?from=https%3A%2F%2Ftcb.cloud.tencent.com%2Fdev%3FenvId%3Dportfolio-site-v1-d1duqacaea7e51%23%2Fstatic-hosting&sampled=1&id=0GVQESz2JVkP10XQ7X&uin=100048431065&version=1.18.1&aid=a95a81b8-471c-45ee-8817-74e2f7d750bb&env=production&platform=3&netType=3&vp=1036%20*%20906&sr=1707%20*%201067&sessionId=32ca85da8e0441e6ad3d593b2c376dd6&referer=https%3A%2F%2Fconsole.cloud.tencent.com%2F:0
[  305770ms] [ERROR] Failed to load resource: net::ERR_CONNECTION_CLOSED @ https://weda-api.cloud.tencent.com/qcloud-weida/v1/capi?i=account/DescribeCurrentUserDetails:0
[  307190ms] [ERROR] Failed to load resource: net::ERR_CONNECTION_CLOSED @ https://rumt-zh.com/speed?from=https%3A%2F%2Ftcb.cloud.tencent.com%2Fdev%3FenvId%3Dportfolio-site-v1-d1duqacaea7e51%23%2Fstatic-hosting&sampled=1&id=0GVQESz2JVkP10XQ7X&uin=100048431065&version=1.18.1&aid=a95a81b8-471c-45ee-8817-74e2f7d750bb&env=production&platform=3&netType=3&vp=1036%20*%20906&sr=1707%20*%201067&sessionId=32ca85da8e0441e6ad3d593b2c376dd6&referer=https%3A%2F%2Fconsole.cloud.tencent.com%2F:0
[  307738ms] [ERROR] Failed to load resource: net::ERR_CONNECTION_CLOSED @ https://rumt-zh.com/collect?sampled=1&id=0GVQESz2JVkP10XQ7X&uin=100048431065&version=1.18.1&aid=a95a81b8-471c-45ee-8817-74e2f7d750bb&env=production&platform=3&netType=3&vp=1036%20*%20906&sr=1707%20*%201067&sessionId=32ca85da8e0441e6ad3d593b2c376dd6&from=https%3A%2F%2Ftcb.cloud.tencent.com%2Fdev%3FenvId%3Dportfolio-site-v1-d1duqacaea7e51%23%2Fstatic-hosting&referer=https%3A%2F%2Fconsole.cloud.tencent.com%2F:0
[  307936ms] [ERROR] Failed to load resource: net::ERR_CONNECTION_CLOSED @ https://rumt-zh.com/collect?from=https%3A%2F%2Ftcb.cloud.tencent.com%2Fdev%3FenvId%3Dportfolio-site-v1-d1duqacaea7e51%23%2Fstatic-hosting&sampled=1&id=0GVQESz2JVkP10XQ7X&uin=100048431065&version=1.18.1&aid=a95a81b8-471c-45ee-8817-74e2f7d750bb&env=production&platform=3&netType=3&vp=1036%20*%20906&sr=1707%20*%201067&sessionId=32ca85da8e0441e6ad3d593b2c376dd6&referer=https%3A%2F%2Fconsole.cloud.tencent.com%2F:0
[  335769ms] [ERROR] Failed to load resource: net::ERR_CONNECTION_CLOSED @ https://weda-api.cloud.tencent.com/qcloud-weida/v1/capi?i=account/DescribeCurrentUserDetails:0
[  337180ms] [ERROR] Failed to load resource: net::ERR_CONNECTION_CLOSED @ https://rumt-zh.com/speed?from=https%3A%2F%2Ftcb.cloud.tencent.com%2Fdev%3FenvId%3Dportfolio-site-v1-d1duqacaea7e51%23%2Fstatic-hosting&sampled=1&id=0GVQESz2JVkP10XQ7X&uin=100048431065&version=1.18.1&aid=a95a81b8-471c-45ee-8817-74e2f7d750bb&env=production&platform=3&netType=3&vp=1036%20*%20906&sr=1707%20*%201067&sessionId=32ca85da8e0441e6ad3d593b2c376dd6&referer=https%3A%2F%2Fconsole.cloud.tencent.com%2F:0
[  337494ms] [ERROR] Failed to load resource: net::ERR_CONNECTION_CLOSED @ https://rumt-zh.com/collect?sampled=1&id=0GVQESz2JVkP10XQ7X&uin=100048431065&version=1.18.1&aid=a95a81b8-471c-45ee-8817-74e2f7d750bb&env=production&platform=3&netType=3&vp=1036%20*%20906&sr=1707%20*%201067&sessionId=32ca85da8e0441e6ad3d593b2c376dd6&from=https%3A%2F%2Ftcb.cloud.tencent.com%2Fdev%3FenvId%3Dportfolio-site-v1-d1duqacaea7e51%23%2Fstatic-hosting&referer=https%3A%2F%2Fconsole.cloud.tencent.com%2F:0
[  337494ms] [ERROR] Failed to load resource: net::ERR_CONNECTION_CLOSED @ https://rumt-zh.com/collect?from=https%3A%2F%2Ftcb.cloud.tencent.com%2Fdev%3FenvId%3Dportfolio-site-v1-d1duqacaea7e51%23%2Fstatic-hosting&sampled=1&id=0GVQESz2JVkP10XQ7X&uin=100048431065&version=1.18.1&aid=a95a81b8-471c-45ee-8817-74e2f7d750bb&env=production&platform=3&netType=3&vp=1036%20*%20906&sr=1707%20*%201067&sessionId=32ca85da8e0441e6ad3d593b2c376dd6&referer=https%3A%2F%2Fconsole.cloud.tencent.com%2F:0
[  364265ms] [ERROR] Failed to load resource: net::ERR_CONNECTION_CLOSED @ https://rumt-zh.com/rateConfig?sampled=1&id=0GVQESz2JVkP10XQ7X&uin=100048431065&version=1.18.1&aid=a95a81b8-471c-45ee-8817-74e2f7d750bb&env=production&platform=3&netType=3&vp=1036%20*%20906&sr=1707%20*%201067&sessionId=32ca85da8e0441e6ad3d593b2c376dd6&from=https%3A%2F%2Ftcb.cloud.tencent.com%2Fdev%3FenvId%3Dportfolio-site-v1-d1duqacaea7e51%23%2Fstatic-hosting&referer=https%3A%2F%2Fconsole.cloud.tencent.com%2F:0
[  365976ms] [ERROR] Failed to load resource: net::ERR_CONNECTION_CLOSED @ https://weda-api.cloud.tencent.com/qcloud-weida/v1/capi?i=account/DescribeCurrentUserDetails:0
[  367394ms] [ERROR] Failed to load resource: net::ERR_CONNECTION_CLOSED @ https://rumt-zh.com/speed?from=https%3A%2F%2Ftcb.cloud.tencent.com%2Fdev%3FenvId%3Dportfolio-site-v1-d1duqacaea7e51%23%2Fstatic-hosting&sampled=1&id=0GVQESz2JVkP10XQ7X&uin=100048431065&version=1.18.1&aid=a95a81b8-471c-45ee-8817-74e2f7d750bb&env=production&platform=3&netType=3&vp=1036%20*%20906&sr=1707%20*%201067&sessionId=32ca85da8e0441e6ad3d593b2c376dd6&referer=https%3A%2F%2Fconsole.cloud.tencent.com%2F:0
[  367691ms] [ERROR] Failed to load resource: net::ERR_CONNECTION_CLOSED @ https://rumt-zh.com/collect?sampled=1&id=0GVQESz2JVkP10XQ7X&uin=100048431065&version=1.18.1&aid=a95a81b8-471c-45ee-8817-74e2f7d750bb&env=production&platform=3&netType=3&vp=1036%20*%20906&sr=1707%20*%201067&sessionId=32ca85da8e0441e6ad3d593b2c376dd6&from=https%3A%2F%2Ftcb.cloud.tencent.com%2Fdev%3FenvId%3Dportfolio-site-v1-d1duqacaea7e51%23%2Fstatic-hosting&referer=https%3A%2F%2Fconsole.cloud.tencent.com%2F:0
[  367691ms] [ERROR] Failed to load resource: net::ERR_CONNECTION_CLOSED @ https://rumt-zh.com/collect?from=https%3A%2F%2Ftcb.cloud.tencent.com%2Fdev%3FenvId%3Dportfolio-site-v1-d1duqacaea7e51%23%2Fstatic-hosting&sampled=1&id=0GVQESz2JVkP10XQ7X&uin=100048431065&version=1.18.1&aid=a95a81b8-471c-45ee-8817-74e2f7d750bb&env=production&platform=3&netType=3&vp=1036%20*%20906&sr=1707%20*%201067&sessionId=32ca85da8e0441e6ad3d593b2c376dd6&referer=https%3A%2F%2Fconsole.cloud.tencent.com%2F:0
[  367791ms] [ERROR] Failed to load resource: net::ERR_CONNECTION_CLOSED @ https://rumt-zh.com/rateConfig?sampled=1&id=0GVQESz2JVkP10XQ7X&uin=100048431065&version=1.18.1&aid=a95a81b8-471c-45ee-8817-74e2f7d750bb&env=production&platform=3&netType=3&vp=1036%20*%20906&sr=1707%20*%201067&sessionId=32ca85da8e0441e6ad3d593b2c376dd6&from=https%3A%2F%2Ftcb.cloud.tencent.com%2Fdev%3FenvId%3Dportfolio-site-v1-d1duqacaea7e51%23%2Fstatic-hosting&referer=https%3A%2F%2Fconsole.cloud.tencent.com%2F:0
[  395765ms] [ERROR] Failed to load resource: net::ERR_CONNECTION_CLOSED @ https://weda-api.cloud.tencent.com/qcloud-weida/v1/capi?i=account/DescribeCurrentUserDetails:0
[  397182ms] [ERROR] Failed to load resource: net::ERR_CONNECTION_CLOSED @ https://rumt-zh.com/speed?from=https%3A%2F%2Ftcb.cloud.tencent.com%2Fdev%3FenvId%3Dportfolio-site-v1-d1duqacaea7e51%23%2Fstatic-hosting&sampled=1&id=0GVQESz2JVkP10XQ7X&uin=100048431065&version=1.18.1&aid=a95a81b8-471c-45ee-8817-74e2f7d750bb&env=production&platform=3&netType=3&vp=1036%20*%20906&sr=1707%20*%201067&sessionId=32ca85da8e0441e6ad3d593b2c376dd6&referer=https%3A%2F%2Fconsole.cloud.tencent.com%2F:0
[  397481ms] [ERROR] Failed to load resource: net::ERR_CONNECTION_CLOSED @ https://rumt-zh.com/collect?sampled=1&id=0GVQESz2JVkP10XQ7X&uin=100048431065&version=1.18.1&aid=a95a81b8-471c-45ee-8817-74e2f7d750bb&env=production&platform=3&netType=3&vp=1036%20*%20906&sr=1707%20*%201067&sessionId=32ca85da8e0441e6ad3d593b2c376dd6&from=https%3A%2F%2Ftcb.cloud.tencent.com%2Fdev%3FenvId%3Dportfolio-site-v1-d1duqacaea7e51%23%2Fstatic-hosting&referer=https%3A%2F%2Fconsole.cloud.tencent.com%2F:0
[  397481ms] [ERROR] Failed to load resource: net::ERR_CONNECTION_CLOSED @ https://rumt-zh.com/collect?from=https%3A%2F%2Ftcb.cloud.tencent.com%2Fdev%3FenvId%3Dportfolio-site-v1-d1duqacaea7e51%23%2Fstatic-hosting&sampled=1&id=0GVQESz2JVkP10XQ7X&uin=100048431065&version=1.18.1&aid=a95a81b8-471c-45ee-8817-74e2f7d750bb&env=production&platform=3&netType=3&vp=1036%20*%20906&sr=1707%20*%201067&sessionId=32ca85da8e0441e6ad3d593b2c376dd6&referer=https%3A%2F%2Fconsole.cloud.tencent.com%2F:0
[  426220ms] [ERROR] Failed to load resource: net::ERR_CONNECTION_CLOSED @ https://weda-api.cloud.tencent.com/qcloud-weida/v1/capi?i=account/DescribeCurrentUserDetails:0
[  455758ms] [ERROR] Failed to load resource: net::ERR_CONNECTION_CLOSED @ https://weda-api.cloud.tencent.com/qcloud-weida/v1/capi?i=account/DescribeCurrentUserDetails:0
[  485763ms] [ERROR] Failed to load resource: net::ERR_CONNECTION_CLOSED @ https://weda-api.cloud.tencent.com/qcloud-weida/v1/capi?i=account/DescribeCurrentUserDetails:0
[  515766ms] [ERROR] Failed to load resource: net::ERR_CONNECTION_CLOSED @ https://weda-api.cloud.tencent.com/qcloud-weida/v1/capi?i=account/DescribeCurrentUserDetails:0
[  545765ms] [ERROR] Failed to load resource: net::ERR_CONNECTION_CLOSED @ https://weda-api.cloud.tencent.com/qcloud-weida/v1/capi?i=account/DescribeCurrentUserDetails:0
[  575774ms] [ERROR] Failed to load resource: net::ERR_CONNECTION_CLOSED @ https://weda-api.cloud.tencent.com/qcloud-weida/v1/capi?i=account/DescribeCurrentUserDetails:0
[  605766ms] [ERROR] Failed to load resource: net::ERR_CONNECTION_CLOSED @ https://weda-api.cloud.tencent.com/qcloud-weida/v1/capi?i=account/DescribeCurrentUserDetails:0
[  635753ms] [ERROR] Failed to load resource: net::ERR_CONNECTION_CLOSED @ https://weda-api.cloud.tencent.com/qcloud-weida/v1/capi?i=account/DescribeCurrentUserDetails:0
[  665745ms] [ERROR] Failed to load resource: net::ERR_CONNECTION_CLOSED @ https://weda-api.cloud.tencent.com/qcloud-weida/v1/capi?i=account/DescribeCurrentUserDetails:0
[  695767ms] [ERROR] Failed to load resource: net::ERR_CONNECTION_CLOSED @ https://weda-api.cloud.tencent.com/qcloud-weida/v1/capi?i=account/DescribeCurrentUserDetails:0
[  725984ms] [ERROR] Failed to load resource: net::ERR_CONNECTION_CLOSED @ https://weda-api.cloud.tencent.com/qcloud-weida/v1/capi?i=account/DescribeCurrentUserDetails:0
[  755758ms] [ERROR] Failed to load resource: net::ERR_CONNECTION_CLOSED @ https://weda-api.cloud.tencent.com/qcloud-weida/v1/capi?i=account/DescribeCurrentUserDetails:0
[  785766ms] [ERROR] Failed to load resource: net::ERR_CONNECTION_CLOSED @ https://weda-api.cloud.tencent.com/qcloud-weida/v1/capi?i=account/DescribeCurrentUserDetails:0
[  806425ms] [WARNING] The page did not request an origin-keyed agent cluster, but was put in one anyway because the origin 'https://tcb.cloud.tencent.com' had previously been placed in an origin-keyed agent cluster. Update your headers to uniformly request origin-keying for all pages on the origin. @ https://tcb.cloud.tencent.com/dev?envId=portfolio-site-v1-d1duqacaea7e51#/static-hosting:0
[  806589ms] [WARNING] A parser-blocking, cross site (i.e. different eTLD+1) script, https://tam.cdn-go.cn/aegis-sdk/latest/aegis.min.js, is invoked via document.write. The network request for this script MAY be blocked by the browser in this or a future page load due to poor network connectivity. If blocked in this page load, it will be confirmed in a subsequent console message. See https://www.chromestatus.com/feature/5718547946799104 for more details. @ https://tcb.cloud.tencent.com/dev?envId=portfolio-site-v1-d1duqacaea7e51:0
[  806589ms] [WARNING] A parser-blocking, cross site (i.e. different eTLD+1) script, https://tam.cdn-go.cn/aegis-sdk/latest/aegis.min.js, is invoked via document.write. The network request for this script MAY be blocked by the browser in this or a future page load due to poor network connectivity. If blocked in this page load, it will be confirmed in a subsequent console message. See https://www.chromestatus.com/feature/5718547946799104 for more details. @ https://tcb.cloud.tencent.com/dev?envId=portfolio-site-v1-d1duqacaea7e51:0
[  811049ms] Failed to set the 'domain' property on 'Document': Assignment is forbidden for sandboxed iframes.
[  811085ms] [ERROR] SecurityError: Failed to set the 'domain' property on 'Document': Assignment is forbidden for sandboxed iframes.
    at Ju (https://slscache.tencent-cloud.cn/qcact-ssr/1azSIPRi4JLt7YjU9nP5q/_next/static/chunks/framework-26c7ef1740bba62bfbe1.js:1:94669)
    at ys (https://slscache.tencent-cloud.cn/qcact-ssr/1azSIPRi4JLt7YjU9nP5q/_next/static/chunks/framework-26c7ef1740bba62bfbe1.js:1:115021)
    at https://slscache.tencent-cloud.cn/qcact-ssr/1azSIPRi4JLt7YjU9nP5q/_next/static/chunks/framework-26c7ef1740bba62bfbe1.js:1:111605
    at S (https://slscache.tencent-cloud.cn/qcact-ssr/1azSIPRi4JLt7YjU9nP5q/_next/static/chunks/framework-26c7ef1740bba62bfbe1.js:1:132397)
    at MessagePort.T (https://slscache.tencent-cloud.cn/qcact-ssr/1azSIPRi4JLt7YjU9nP5q/_next/static/chunks/framework-26c7ef1740bba62bfbe1.js:1:132931) @ https://slscache.tencent-cloud.cn/qcact-ssr/1azSIPRi4JLt7YjU9nP5q/_next/static/chunks/framework-26c7ef1740bba62bfbe1.js:0
[  811085ms] [ERROR] SecurityError: Failed to set the 'domain' property on 'Document': Assignment is forbidden for sandboxed iframes.
    at Ju (https://slscache.tencent-cloud.cn/qcact-ssr/1azSIPRi4JLt7YjU9nP5q/_next/static/chunks/framework-26c7ef1740bba62bfbe1.js:1:94669)
    at ys (https://slscache.tencent-cloud.cn/qcact-ssr/1azSIPRi4JLt7YjU9nP5q/_next/static/chunks/framework-26c7ef1740bba62bfbe1.js:1:115021)
    at https://slscache.tencent-cloud.cn/qcact-ssr/1azSIPRi4JLt7YjU9nP5q/_next/static/chunks/framework-26c7ef1740bba62bfbe1.js:1:111605
    at S (https://slscache.tencent-cloud.cn/qcact-ssr/1azSIPRi4JLt7YjU9nP5q/_next/static/chunks/framework-26c7ef1740bba62bfbe1.js:1:132397)
    at MessagePort.T (https://slscache.tencent-cloud.cn/qcact-ssr/1azSIPRi4JLt7YjU9nP5q/_next/static/chunks/framework-26c7ef1740bba62bfbe1.js:1:132931) @ https://slscache.tencent-cloud.cn/qcact-ssr/1azSIPRi4JLt7YjU9nP5q/_next/static/chunks/main-1f414af3347d8995ac17.js:0
[  811085ms] [ERROR] A client-side exception has occurred, see here for more info: https://nextjs.org/docs/messages/client-side-exception-occurred @ https://slscache.tencent-cloud.cn/qcact-ssr/1azSIPRi4JLt7YjU9nP5q/_next/static/chunks/main-1f414af3347d8995ac17.js:0
[ 2178992ms] [ERROR] Failed to load resource: the server responded with a status of 405 () @ https://tcb.cloud.tencent.com/dev?envId=portfolio-site-v1-d1duqacaea7e51:0
[ 2179002ms] [ERROR] Failed to load resource: net::ERR_HTTP2_PROTOCOL_ERROR @ https://tcb.cloud.tencent.com/dev?envId=portfolio-site-v1-d1duqacaea7e51:0
[ 2179007ms] [ERROR] Failed to load resource: the server responded with a status of 405 () @ https://tcb.cloud.tencent.com/dev?envId=portfolio-site-v1-d1duqacaea7e51:0
[ 2213300ms] [ERROR] Failed to load resource: the server responded with a status of 405 () @ https://tcb.cloud.tencent.com/dev?envId=portfolio-site-v1-d1duqacaea7e51:0
[ 2313232ms] [ERROR] Failed to load resource: net::ERR_HTTP2_PROTOCOL_ERROR @ https://tcb.cloud.tencent.com/dev?envId=portfolio-site-v1-d1duqacaea7e51:0
[ 2368798ms] [ERROR] Failed to load resource: net::ERR_CONNECTION_CLOSED @ https://weda-api.cloud.tencent.com/qcloud-weida/v1/capi?i=account/DescribeCurrentUserDetails:0
[ 2370510ms] [ERROR] Failed to load resource: net::ERR_CONNECTION_CLOSED @ https://rumt-zh.com/collect?sampled=1&id=0GVQESz2JVkP10XQ7X&uin=100048431065&version=1.18.1&aid=a95a81b8-471c-45ee-8817-74e2f7d750bb&env=production&platform=3&netType=4&vp=1036%20*%20906&sr=1707%20*%201067&sessionId=32ca85da8e0441e6ad3d593b2c376dd6&from=https%3A%2F%2Ftcb.cloud.tencent.com%2Fdev%3FenvId%3Dportfolio-site-v1-d1duqacaea7e51%23%2Fstatic-hosting%2Fservice%2Fcreate%3Ftype%3Dpackage&referer=https%3A%2F%2Ftcb.cloud.tencent.com%2Fdev%3FenvId%3Dportfolio-site-v1-d1duqacaea7e51:0
[ 2370514ms] [ERROR] Failed to load resource: net::ERR_CONNECTION_CLOSED @ https://rumt-zh.com/collect?from=https%3A%2F%2Ftcb.cloud.tencent.com%2Fdev%3FenvId%3Dportfolio-site-v1-d1duqacaea7e51%23%2Fstatic-hosting%2Fservice%2Fcreate%3Ftype%3Dpackage&sampled=1&id=0GVQESz2JVkP10XQ7X&uin=100048431065&version=1.18.1&aid=a95a81b8-471c-45ee-8817-74e2f7d750bb&env=production&platform=3&netType=4&vp=1036%20*%20906&sr=1707%20*%201067&sessionId=32ca85da8e0441e6ad3d593b2c376dd6&referer=https%3A%2F%2Ftcb.cloud.tencent.com%2Fdev%3FenvId%3Dportfolio-site-v1-d1duqacaea7e51:0
[ 2398723ms] [ERROR] Failed to load resource: net::ERR_CONNECTION_CLOSED @ https://weda-api.cloud.tencent.com/qcloud-weida/v1/capi?i=account/DescribeCurrentUserDetails:0
[ 2400433ms] [ERROR] Failed to load resource: net::ERR_CONNECTION_CLOSED @ https://rumt-zh.com/speed?from=https%3A%2F%2Ftcb.cloud.tencent.com%2Fdev%3FenvId%3Dportfolio-site-v1-d1duqacaea7e51%23%2Fstatic-hosting%2Fservice%2Fcreate%3Ftype%3Dpackage&sampled=1&id=0GVQESz2JVkP10XQ7X&uin=100048431065&version=1.18.1&aid=a95a81b8-471c-45ee-8817-74e2f7d750bb&env=production&platform=3&netType=4&vp=1036%20*%20906&sr=1707%20*%201067&sessionId=32ca85da8e0441e6ad3d593b2c376dd6&referer=https%3A%2F%2Ftcb.cloud.tencent.com%2Fdev%3FenvId%3Dportfolio-site-v1-d1duqacaea7e51:0
[ 2400434ms] [ERROR] Failed to load resource: net::ERR_CONNECTION_CLOSED @ https://rumt-zh.com/collect?sampled=1&id=0GVQESz2JVkP10XQ7X&uin=100048431065&version=1.18.1&aid=a95a81b8-471c-45ee-8817-74e2f7d750bb&env=production&platform=3&netType=4&vp=1036%20*%20906&sr=1707%20*%201067&sessionId=32ca85da8e0441e6ad3d593b2c376dd6&from=https%3A%2F%2Ftcb.cloud.tencent.com%2Fdev%3FenvId%3Dportfolio-site-v1-d1duqacaea7e51%23%2Fstatic-hosting%2Fservice%2Fcreate%3Ftype%3Dpackage&referer=https%3A%2F%2Ftcb.cloud.tencent.com%2Fdev%3FenvId%3Dportfolio-site-v1-d1duqacaea7e51:0
[ 2400916ms] [ERROR] Failed to load resource: net::ERR_CONNECTION_CLOSED @ https://rumt-zh.com/collect?from=https%3A%2F%2Ftcb.cloud.tencent.com%2Fdev%3FenvId%3Dportfolio-site-v1-d1duqacaea7e51%23%2Fstatic-hosting%2Fservice%2Fcreate%3Ftype%3Dpackage&sampled=1&id=0GVQESz2JVkP10XQ7X&uin=100048431065&version=1.18.1&aid=a95a81b8-471c-45ee-8817-74e2f7d750bb&env=production&platform=3&netType=4&vp=1036%20*%20906&sr=1707%20*%201067&sessionId=32ca85da8e0441e6ad3d593b2c376dd6&referer=https%3A%2F%2Ftcb.cloud.tencent.com%2Fdev%3FenvId%3Dportfolio-site-v1-d1duqacaea7e51:0
[ 2428576ms] [ERROR] Failed to load resource: net::ERR_CONNECTION_CLOSED @ https://weda-api.cloud.tencent.com/qcloud-weida/v1/capi?i=account/DescribeCurrentUserDetails:0
[ 2429985ms] [ERROR] Failed to load resource: net::ERR_CONNECTION_CLOSED @ https://rumt-zh.com/speed?from=https%3A%2F%2Ftcb.cloud.tencent.com%2Fdev%3FenvId%3Dportfolio-site-v1-d1duqacaea7e51%23%2Fstatic-hosting%2Fservice%2Fcreate%3Ftype%3Dpackage&sampled=1&id=0GVQESz2JVkP10XQ7X&uin=100048431065&version=1.18.1&aid=a95a81b8-471c-45ee-8817-74e2f7d750bb&env=production&platform=3&netType=4&vp=1036%20*%20906&sr=1707%20*%201067&sessionId=32ca85da8e0441e6ad3d593b2c376dd6&referer=https%3A%2F%2Ftcb.cloud.tencent.com%2Fdev%3FenvId%3Dportfolio-site-v1-d1duqacaea7e51:0
[ 2430288ms] [ERROR] Failed to load resource: net::ERR_CONNECTION_CLOSED @ https://rumt-zh.com/collect?sampled=1&id=0GVQESz2JVkP10XQ7X&uin=100048431065&version=1.18.1&aid=a95a81b8-471c-45ee-8817-74e2f7d750bb&env=production&platform=3&netType=4&vp=1036%20*%20906&sr=1707%20*%201067&sessionId=32ca85da8e0441e6ad3d593b2c376dd6&from=https%3A%2F%2Ftcb.cloud.tencent.com%2Fdev%3FenvId%3Dportfolio-site-v1-d1duqacaea7e51%23%2Fstatic-hosting%2Fservice%2Fcreate%3Ftype%3Dpackage&referer=https%3A%2F%2Ftcb.cloud.tencent.com%2Fdev%3FenvId%3Dportfolio-site-v1-d1duqacaea7e51:0
[ 2430288ms] [ERROR] Failed to load resource: net::ERR_CONNECTION_CLOSED @ https://rumt-zh.com/collect?from=https%3A%2F%2Ftcb.cloud.tencent.com%2Fdev%3FenvId%3Dportfolio-site-v1-d1duqacaea7e51%23%2Fstatic-hosting%2Fservice%2Fcreate%3Ftype%3Dpackage&sampled=1&id=0GVQESz2JVkP10XQ7X&uin=100048431065&version=1.18.1&aid=a95a81b8-471c-45ee-8817-74e2f7d750bb&env=production&platform=3&netType=4&vp=1036%20*%20906&sr=1707%20*%201067&sessionId=32ca85da8e0441e6ad3d593b2c376dd6&referer=https%3A%2F%2Ftcb.cloud.tencent.com%2Fdev%3FenvId%3Dportfolio-site-v1-d1duqacaea7e51:0
[ 2458575ms] [ERROR] Failed to load resource: net::ERR_CONNECTION_CLOSED @ https://weda-api.cloud.tencent.com/qcloud-weida/v1/capi?i=account/DescribeCurrentUserDetails:0
[ 2459987ms] [ERROR] Failed to load resource: net::ERR_CONNECTION_CLOSED @ https://rumt-zh.com/speed?from=https%3A%2F%2Ftcb.cloud.tencent.com%2Fdev%3FenvId%3Dportfolio-site-v1-d1duqacaea7e51%23%2Fstatic-hosting%2Fservice%2Fcreate%3Ftype%3Dpackage&sampled=1&id=0GVQESz2JVkP10XQ7X&uin=100048431065&version=1.18.1&aid=a95a81b8-471c-45ee-8817-74e2f7d750bb&env=production&platform=3&netType=4&vp=1036%20*%20906&sr=1707%20*%201067&sessionId=32ca85da8e0441e6ad3d593b2c376dd6&referer=https%3A%2F%2Ftcb.cloud.tencent.com%2Fdev%3FenvId%3Dportfolio-site-v1-d1duqacaea7e51:0
[ 2460512ms] [ERROR] Failed to load resource: net::ERR_CONNECTION_CLOSED @ https://rumt-zh.com/collect?sampled=1&id=0GVQESz2JVkP10XQ7X&uin=100048431065&version=1.18.1&aid=a95a81b8-471c-45ee-8817-74e2f7d750bb&env=production&platform=3&netType=4&vp=1036%20*%20906&sr=1707%20*%201067&sessionId=32ca85da8e0441e6ad3d593b2c376dd6&from=https%3A%2F%2Ftcb.cloud.tencent.com%2Fdev%3FenvId%3Dportfolio-site-v1-d1duqacaea7e51%23%2Fstatic-hosting%2Fservice%2Fcreate%3Ftype%3Dpackage&referer=https%3A%2F%2Ftcb.cloud.tencent.com%2Fdev%3FenvId%3Dportfolio-site-v1-d1duqacaea7e51:0
[ 2460512ms] [ERROR] Failed to load resource: net::ERR_CONNECTION_CLOSED @ https://rumt-zh.com/collect?from=https%3A%2F%2Ftcb.cloud.tencent.com%2Fdev%3FenvId%3Dportfolio-site-v1-d1duqacaea7e51%23%2Fstatic-hosting%2Fservice%2Fcreate%3Ftype%3Dpackage&sampled=1&id=0GVQESz2JVkP10XQ7X&uin=100048431065&version=1.18.1&aid=a95a81b8-471c-45ee-8817-74e2f7d750bb&env=production&platform=3&netType=4&vp=1036%20*%20906&sr=1707%20*%201067&sessionId=32ca85da8e0441e6ad3d593b2c376dd6&referer=https%3A%2F%2Ftcb.cloud.tencent.com%2Fdev%3FenvId%3Dportfolio-site-v1-d1duqacaea7e51:0
[ 2479148ms] [WARNING] Blocked aria-hidden on an element because its descendant retained focus. The focus must not be hidden from assistive technology users. Avoid using aria-hidden on a focused element or its ancestor. Consider using the inert attribute instead, which will also prevent focus. For more details, see the aria-hidden section of the WAI-ARIA specification at https://w3c.github.io/aria/#aria-hidden.
Element with focus: <div>
Ancestor with aria-hidden: <div> @ https://tcb.cloud.tencent.com/dev?envId=portfolio-site-v1-d1duqacaea7e51#/static-hosting/service/create?type=package:0
[ 2607546ms] [ERROR] Failed to load resource: net::ERR_CONNECTION_CLOSED @ https://rumt-zh.com/rateConfig?sampled=1&id=0GVQESz2JVkP10XQ7X&uin=100048431065&version=1.18.1&aid=a95a81b8-471c-45ee-8817-74e2f7d750bb&env=production&platform=3&netType=4&vp=1036%20*%20906&sr=1707%20*%201067&sessionId=32ca85da8e0441e6ad3d593b2c376dd6&from=https%3A%2F%2Ftcb.cloud.tencent.com%2Fdev%3FenvId%3Dportfolio-site-v1-d1duqacaea7e51%23%2Fstatic-hosting&referer=https%3A%2F%2Ftcb.cloud.tencent.com%2Fdev%3FenvId%3Dportfolio-site-v1-d1duqacaea7e51:0
[ 2608551ms] [ERROR] Failed to load resource: net::ERR_CONNECTION_CLOSED @ https://weda-api.cloud.tencent.com/qcloud-weida/v1/capi?i=account/DescribeCurrentUserDetails:0
[ 2609951ms] [ERROR] Failed to load resource: net::ERR_CONNECTION_CLOSED @ https://rumt-zh.com/collect?sampled=1&id=0GVQESz2JVkP10XQ7X&uin=100048431065&version=1.18.1&aid=a95a81b8-471c-45ee-8817-74e2f7d750bb&env=production&platform=3&netType=4&vp=1036%20*%20906&sr=1707%20*%201067&sessionId=32ca85da8e0441e6ad3d593b2c376dd6&from=https%3A%2F%2Ftcb.cloud.tencent.com%2Fdev%3FenvId%3Dportfolio-site-v1-d1duqacaea7e51%23%2Fstatic-hosting&referer=https%3A%2F%2Ftcb.cloud.tencent.com%2Fdev%3FenvId%3Dportfolio-site-v1-d1duqacaea7e51:0
[ 2610927ms] [ERROR] Failed to load resource: net::ERR_CONNECTION_CLOSED @ https://rumt-zh.com/collect?from=https%3A%2F%2Ftcb.cloud.tencent.com%2Fdev%3FenvId%3Dportfolio-site-v1-d1duqacaea7e51%23%2Fstatic-hosting&sampled=1&id=0GVQESz2JVkP10XQ7X&uin=100048431065&version=1.18.1&aid=a95a81b8-471c-45ee-8817-74e2f7d750bb&env=production&platform=3&netType=4&vp=1036%20*%20906&sr=1707%20*%201067&sessionId=32ca85da8e0441e6ad3d593b2c376dd6&referer=https%3A%2F%2Ftcb.cloud.tencent.com%2Fdev%3FenvId%3Dportfolio-site-v1-d1duqacaea7e51:0
[ 2610931ms] [ERROR] Failed to load resource: net::ERR_CONNECTION_CLOSED @ https://rumt-zh.com/rateConfig?sampled=1&id=0GVQESz2JVkP10XQ7X&uin=100048431065&version=1.18.1&aid=a95a81b8-471c-45ee-8817-74e2f7d750bb&env=production&platform=3&netType=4&vp=1036%20*%20906&sr=1707%20*%201067&sessionId=32ca85da8e0441e6ad3d593b2c376dd6&from=https%3A%2F%2Ftcb.cloud.tencent.com%2Fdev%3FenvId%3Dportfolio-site-v1-d1duqacaea7e51%23%2Fstatic-hosting&referer=https%3A%2F%2Ftcb.cloud.tencent.com%2Fdev%3FenvId%3Dportfolio-site-v1-d1duqacaea7e51:0
[ 2638542ms] [ERROR] Failed to load resource: net::ERR_CONNECTION_CLOSED @ https://weda-api.cloud.tencent.com/qcloud-weida/v1/capi?i=account/DescribeCurrentUserDetails:0
[ 2639922ms] [ERROR] Failed to load resource: net::ERR_CONNECTION_CLOSED @ https://rumt-zh.com/collect?sampled=1&id=0GVQESz2JVkP10XQ7X&uin=100048431065&version=1.18.1&aid=a95a81b8-471c-45ee-8817-74e2f7d750bb&env=production&platform=3&netType=4&vp=1036%20*%20906&sr=1707%20*%201067&sessionId=32ca85da8e0441e6ad3d593b2c376dd6&from=https%3A%2F%2Ftcb.cloud.tencent.com%2Fdev%3FenvId%3Dportfolio-site-v1-d1duqacaea7e51%23%2Fstatic-hosting&referer=https%3A%2F%2Ftcb.cloud.tencent.com%2Fdev%3FenvId%3Dportfolio-site-v1-d1duqacaea7e51:0
[ 2640249ms] [ERROR] Failed to load resource: net::ERR_CONNECTION_CLOSED @ https://rumt-zh.com/collect?from=https%3A%2F%2Ftcb.cloud.tencent.com%2Fdev%3FenvId%3Dportfolio-site-v1-d1duqacaea7e51%23%2Fstatic-hosting&sampled=1&id=0GVQESz2JVkP10XQ7X&uin=100048431065&version=1.18.1&aid=a95a81b8-471c-45ee-8817-74e2f7d750bb&env=production&platform=3&netType=4&vp=1036%20*%20906&sr=1707%20*%201067&sessionId=32ca85da8e0441e6ad3d593b2c376dd6&referer=https%3A%2F%2Ftcb.cloud.tencent.com%2Fdev%3FenvId%3Dportfolio-site-v1-d1duqacaea7e51:0
[ 2641324ms] [ERROR] Failed to load resource: net::ERR_CONNECTION_CLOSED @ https://rumt-zh.com/rateConfig?sampled=1&id=0GVQESz2JVkP10XQ7X&uin=100048431065&version=1.18.1&aid=a95a81b8-471c-45ee-8817-74e2f7d750bb&env=production&platform=3&netType=4&vp=1036%20*%20906&sr=1707%20*%201067&sessionId=32ca85da8e0441e6ad3d593b2c376dd6&from=https%3A%2F%2Ftcb.cloud.tencent.com%2Fdev%3FenvId%3Dportfolio-site-v1-d1duqacaea7e51%23%2Fstatic-hosting&referer=https%3A%2F%2Ftcb.cloud.tencent.com%2Fdev%3FenvId%3Dportfolio-site-v1-d1duqacaea7e51:0
[ 2668551ms] [ERROR] Failed to load resource: net::ERR_CONNECTION_CLOSED @ https://weda-api.cloud.tencent.com/qcloud-weida/v1/capi?i=account/DescribeCurrentUserDetails:0
[ 2669945ms] [ERROR] Failed to load resource: net::ERR_CONNECTION_CLOSED @ https://rumt-zh.com/speed?from=https%3A%2F%2Ftcb.cloud.tencent.com%2Fdev%3FenvId%3Dportfolio-site-v1-d1duqacaea7e51%23%2Fstatic-hosting&sampled=1&id=0GVQESz2JVkP10XQ7X&uin=100048431065&version=1.18.1&aid=a95a81b8-471c-45ee-8817-74e2f7d750bb&env=production&platform=3&netType=4&vp=1036%20*%20906&sr=1707%20*%201067&sessionId=32ca85da8e0441e6ad3d593b2c376dd6&referer=https%3A%2F%2Ftcb.cloud.tencent.com%2Fdev%3FenvId%3Dportfolio-site-v1-d1duqacaea7e51:0
[ 2670255ms] [ERROR] Failed to load resource: net::ERR_CONNECTION_CLOSED @ https://rumt-zh.com/collect?sampled=1&id=0GVQESz2JVkP10XQ7X&uin=100048431065&version=1.18.1&aid=a95a81b8-471c-45ee-8817-74e2f7d750bb&env=production&platform=3&netType=4&vp=1036%20*%20906&sr=1707%20*%201067&sessionId=32ca85da8e0441e6ad3d593b2c376dd6&from=https%3A%2F%2Ftcb.cloud.tencent.com%2Fdev%3FenvId%3Dportfolio-site-v1-d1duqacaea7e51%23%2Fstatic-hosting&referer=https%3A%2F%2Ftcb.cloud.tencent.com%2Fdev%3FenvId%3Dportfolio-site-v1-d1duqacaea7e51:0
[ 2670526ms] [ERROR] Failed to load resource: net::ERR_CONNECTION_CLOSED @ https://rumt-zh.com/collect?from=https%3A%2F%2Ftcb.cloud.tencent.com%2Fdev%3FenvId%3Dportfolio-site-v1-d1duqacaea7e51%23%2Fstatic-hosting&sampled=1&id=0GVQESz2JVkP10XQ7X&uin=100048431065&version=1.18.1&aid=a95a81b8-471c-45ee-8817-74e2f7d750bb&env=production&platform=3&netType=4&vp=1036%20*%20906&sr=1707%20*%201067&sessionId=32ca85da8e0441e6ad3d593b2c376dd6&referer=https%3A%2F%2Ftcb.cloud.tencent.com%2Fdev%3FenvId%3Dportfolio-site-v1-d1duqacaea7e51:0
[ 2698534ms] [ERROR] Failed to load resource: net::ERR_CONNECTION_CLOSED @ https://weda-api.cloud.tencent.com/qcloud-weida/v1/capi?i=account/DescribeCurrentUserDetails:0
[ 2700341ms] [ERROR] Failed to load resource: net::ERR_CONNECTION_CLOSED @ https://rumt-zh.com/speed?from=https%3A%2F%2Ftcb.cloud.tencent.com%2Fdev%3FenvId%3Dportfolio-site-v1-d1duqacaea7e51%23%2Fstatic-hosting&sampled=1&id=0GVQESz2JVkP10XQ7X&uin=100048431065&version=1.18.1&aid=a95a81b8-471c-45ee-8817-74e2f7d750bb&env=production&platform=3&netType=4&vp=1036%20*%20906&sr=1707%20*%201067&sessionId=32ca85da8e0441e6ad3d593b2c376dd6&referer=https%3A%2F%2Ftcb.cloud.tencent.com%2Fdev%3FenvId%3Dportfolio-site-v1-d1duqacaea7e51:0
[ 2700534ms] [ERROR] Failed to load resource: net::ERR_CONNECTION_CLOSED @ https://rumt-zh.com/collect?sampled=1&id=0GVQESz2JVkP10XQ7X&uin=100048431065&version=1.18.1&aid=a95a81b8-471c-45ee-8817-74e2f7d750bb&env=production&platform=3&netType=4&vp=1036%20*%20906&sr=1707%20*%201067&sessionId=32ca85da8e0441e6ad3d593b2c376dd6&from=https%3A%2F%2Ftcb.cloud.tencent.com%2Fdev%3FenvId%3Dportfolio-site-v1-d1duqacaea7e51%23%2Fstatic-hosting&referer=https%3A%2F%2Ftcb.cloud.tencent.com%2Fdev%3FenvId%3Dportfolio-site-v1-d1duqacaea7e51:0
[ 2700535ms] [ERROR] Failed to load resource: net::ERR_CONNECTION_CLOSED @ https://rumt-zh.com/collect?from=https%3A%2F%2Ftcb.cloud.tencent.com%2Fdev%3FenvId%3Dportfolio-site-v1-d1duqacaea7e51%23%2Fstatic-hosting&sampled=1&id=0GVQESz2JVkP10XQ7X&uin=100048431065&version=1.18.1&aid=a95a81b8-471c-45ee-8817-74e2f7d750bb&env=production&platform=3&netType=4&vp=1036%20*%20906&sr=1707%20*%201067&sessionId=32ca85da8e0441e6ad3d593b2c376dd6&referer=https%3A%2F%2Ftcb.cloud.tencent.com%2Fdev%3FenvId%3Dportfolio-site-v1-d1duqacaea7e51:0
